Archive member included to satisfy reference by file (symbol)

e:/nxp/mcuxpressoide_10.0.0_344/ide/tools/bin/../lib/gcc/arm-none-eabi/5.4.1/../../../../arm-none-eabi/lib/armv7e-m/fpu\libcr_semihost_nf.a(_cr__main.o)
                              ./startup/startup_mk64f12.o (__main)
e:/nxp/mcuxpressoide_10.0.0_344/ide/tools/bin/../lib/gcc/arm-none-eabi/5.4.1/../../../../arm-none-eabi/lib/armv7e-m/fpu\libcr_semihost_nf.a(_cr_assert.o)
                              ./utilities/fsl_shell.o (__assertion_failed)
e:/nxp/mcuxpressoide_10.0.0_344/ide/tools/bin/../lib/gcc/arm-none-eabi/5.4.1/../../../../arm-none-eabi/lib/armv7e-m/fpu\libcr_semihost_nf.a(__ciob.o)
                              e:/nxp/mcuxpressoide_10.0.0_344/ide/tools/bin/../lib/gcc/arm-none-eabi/5.4.1/../../../../arm-none-eabi/lib/armv7e-m/fpu\libcr_semihost_nf.a(_cr_assert.o) (__Ciob)
e:/nxp/mcuxpressoide_10.0.0_344/ide/tools/bin/../lib/gcc/arm-none-eabi/5.4.1/../../../../arm-none-eabi/lib/armv7e-m/fpu\libcr_semihost_nf.a(__sys_appexit.o)
                              e:/nxp/mcuxpressoide_10.0.0_344/ide/tools/bin/../lib/gcc/arm-none-eabi/5.4.1/../../../../arm-none-eabi/lib/armv7e-m/fpu\libcr_semihost_nf.a(_cr_assert.o) (__sys_appexit)
e:/nxp/mcuxpressoide_10.0.0_344/ide/tools/bin/../lib/gcc/arm-none-eabi/5.4.1/../../../../arm-none-eabi/lib/armv7e-m/fpu\libcr_c.a(memcpy.o)
                              ./freertos/queue.o (memcpy)
e:/nxp/mcuxpressoide_10.0.0_344/ide/tools/bin/../lib/gcc/arm-none-eabi/5.4.1/../../../../arm-none-eabi/lib/armv7e-m/fpu\libcr_c.a(memmove.o)
                              ./utilities/fsl_shell.o (memmove)
e:/nxp/mcuxpressoide_10.0.0_344/ide/tools/bin/../lib/gcc/arm-none-eabi/5.4.1/../../../../arm-none-eabi/lib/armv7e-m/fpu\libcr_c.a(memset.o)
                              ./utilities/fsl_shell.o (memset)
e:/nxp/mcuxpressoide_10.0.0_344/ide/tools/bin/../lib/gcc/arm-none-eabi/5.4.1/../../../../arm-none-eabi/lib/armv7e-m/fpu\libcr_c.a(_deferredlazyseek.o)
                              e:/nxp/mcuxpressoide_10.0.0_344/ide/tools/bin/../lib/gcc/arm-none-eabi/5.4.1/../../../../arm-none-eabi/lib/armv7e-m/fpu\libcr_semihost_nf.a(_cr_assert.o) (__flsbuf)
e:/nxp/mcuxpressoide_10.0.0_344/ide/tools/bin/../lib/gcc/arm-none-eabi/5.4.1/../../../../arm-none-eabi/lib/armv7e-m/fpu\libcr_c.a(_fflush.o)
                              e:/nxp/mcuxpressoide_10.0.0_344/ide/tools/bin/../lib/gcc/arm-none-eabi/5.4.1/../../../../arm-none-eabi/lib/armv7e-m/fpu\libcr_c.a(_deferredlazyseek.o) (_fflush)
e:/nxp/mcuxpressoide_10.0.0_344/ide/tools/bin/../lib/gcc/arm-none-eabi/5.4.1/../../../../arm-none-eabi/lib/armv7e-m/fpu\libcr_c.a(_writebuf.o)
                              e:/nxp/mcuxpressoide_10.0.0_344/ide/tools/bin/../lib/gcc/arm-none-eabi/5.4.1/../../../../arm-none-eabi/lib/armv7e-m/fpu\libcr_c.a(_deferredlazyseek.o) (_Cwritebuf)
e:/nxp/mcuxpressoide_10.0.0_344/ide/tools/bin/../lib/gcc/arm-none-eabi/5.4.1/../../../../arm-none-eabi/lib/armv7e-m/fpu\libcr_c.a(alloc.o)
                              e:/nxp/mcuxpressoide_10.0.0_344/ide/tools/bin/../lib/gcc/arm-none-eabi/5.4.1/../../../../arm-none-eabi/lib/armv7e-m/fpu\libcr_c.a(_deferredlazyseek.o) (_Csys_alloc)
e:/nxp/mcuxpressoide_10.0.0_344/ide/tools/bin/../lib/gcc/arm-none-eabi/5.4.1/../../../../arm-none-eabi/lib/armv7e-m/fpu\libcr_c.a(fputs.o)
                              e:/nxp/mcuxpressoide_10.0.0_344/ide/tools/bin/../lib/gcc/arm-none-eabi/5.4.1/../../../../arm-none-eabi/lib/armv7e-m/fpu\libcr_semihost_nf.a(_cr_assert.o) (fputs)
e:/nxp/mcuxpressoide_10.0.0_344/ide/tools/bin/../lib/gcc/arm-none-eabi/5.4.1/../../../../arm-none-eabi/lib/armv7e-m/fpu\libcr_c.a(fseek.o)
                              e:/nxp/mcuxpressoide_10.0.0_344/ide/tools/bin/../lib/gcc/arm-none-eabi/5.4.1/../../../../arm-none-eabi/lib/armv7e-m/fpu\libcr_c.a(_deferredlazyseek.o) (fseek)
e:/nxp/mcuxpressoide_10.0.0_344/ide/tools/bin/../lib/gcc/arm-none-eabi/5.4.1/../../../../arm-none-eabi/lib/armv7e-m/fpu\libcr_c.a(ftell.o)
                              e:/nxp/mcuxpressoide_10.0.0_344/ide/tools/bin/../lib/gcc/arm-none-eabi/5.4.1/../../../../arm-none-eabi/lib/armv7e-m/fpu\libcr_c.a(fseek.o) (ftell)
e:/nxp/mcuxpressoide_10.0.0_344/ide/tools/bin/../lib/gcc/arm-none-eabi/5.4.1/../../../../arm-none-eabi/lib/armv7e-m/fpu\libcr_c.a(initio.o)
                              e:/nxp/mcuxpressoide_10.0.0_344/ide/tools/bin/../lib/gcc/arm-none-eabi/5.4.1/../../../../arm-none-eabi/lib/armv7e-m/fpu\libcr_semihost_nf.a(_cr__main.o) (_initio)
e:/nxp/mcuxpressoide_10.0.0_344/ide/tools/bin/../lib/gcc/arm-none-eabi/5.4.1/../../../../arm-none-eabi/lib/armv7e-m/fpu\libcr_c.a(printf.o)
                              ./source/MK64FN1M0xxx12_Center.o (_printf)
e:/nxp/mcuxpressoide_10.0.0_344/ide/tools/bin/../lib/gcc/arm-none-eabi/5.4.1/../../../../arm-none-eabi/lib/armv7e-m/fpu\libcr_c.a(setvbuf.o)
[...]
Memory Configuration

Name             Origin             Length             Attributes
PROGRAM_FLASH    0x00000000         0x00100000         xr
SRAM_UPPER       0x20000000         0x00030000         xrw
SRAM_LOWER       0x1fff0000         0x00010000         xrw
FLEX_RAM         0x14000000         0x00001000         xrw
*default*        0x00000000         0xffffffff

Linker script and memory map

LOAD ./utilities/fsl_debug_console.o
LOAD ./utilities/fsl_shell.o
LOAD ./startup/startup_mk64f12.o
LOAD ./source/Misc/Misc.o
LOAD ./source/I2C/MCP23016/MCP23016.o
LOAD ./source/I2C/HAL/I2C_HAL.o
LOAD ./source/I2C/DS3231/DS3231.o
LOAD ./source/App/Nixie.o
LOAD ./source/MK64FN1M0xxx12_Center.o
LOAD ./freertos/croutine.o
LOAD ./freertos/event_groups.o
LOAD ./freertos/fsl_tickless_lptmr.o
LOAD ./freertos/fsl_tickless_systick.o
LOAD ./freertos/heap_4.o
LOAD ./freertos/list.o
LOAD ./freertos/port.o
LOAD ./freertos/queue.o
LOAD ./freertos/tasks.o
LOAD ./freertos/timers.o
LOAD ./frdmk64f/board.o
LOAD ./frdmk64f/clock_config.o
LOAD ./frdmk64f/pin_mux.o
LOAD ./drivers/fsl_clock.o
LOAD ./drivers/fsl_common.o
LOAD ./drivers/fsl_enet.o
LOAD ./drivers/fsl_flash.o
LOAD ./drivers/fsl_gpio.o
LOAD ./drivers/fsl_i2c.o
LOAD ./drivers/fsl_i2c_freertos.o
LOAD ./drivers/fsl_rtc.o
LOAD ./drivers/fsl_smc.o
LOAD ./drivers/fsl_uart.o
LOAD ./drivers/fsl_uart_freertos.o
LOAD ./CMSIS/system_MK64F12.o
START GROUP
LOAD e:/nxp/mcuxpressoide_10.0.0_344/ide/tools/bin/../lib/gcc/arm-none-eabi/5.4.1/../../../../arm-none-eabi/lib/armv7e-m/fpu\libcr_semihost_nf.a
LOAD e:/nxp/mcuxpressoide_10.0.0_344/ide/tools/bin/../lib/gcc/arm-none-eabi/5.4.1/../../../../arm-none-eabi/lib/armv7e-m/fpu\libcr_c.a
LOAD e:/nxp/mcuxpressoide_10.0.0_344/ide/tools/bin/../lib/gcc/arm-none-eabi/5.4.1/armv7e-m/fpu\libcr_eabihelpers.a
END GROUP
                0x00000000                __base_PROGRAM_FLASH = 0x0
                0x00000000                __base_Flash = 0x0
                0x00100000                __top_PROGRAM_FLASH = 0x100000
                0x00100000                __top_Flash = 0x100000
                0x20000000                __base_SRAM_UPPER = 0x20000000
                0x20000000                __base_RAM = 0x20000000
                0x20030000                __top_SRAM_UPPER = 0x20030000
                0x20030000                __top_RAM = 0x20030000
                0x1fff0000                __base_SRAM_LOWER = 0x1fff0000
                0x1fff0000                __base_RAM2 = 0x1fff0000
                0x20000000                __top_SRAM_LOWER = 0x20000000
                0x20000000                __top_RAM2 = 0x20000000
                0x14000000                __base_FLEX_RAM = 0x14000000
                0x14000000                __base_RAM3 = 0x14000000
                0x14001000                __top_FLEX_RAM = 0x14001000
                0x14001000                __top_RAM3 = 0x14001000

.text           0x00000000     0x7b50
 FILL mask 0xff
                0x00000000                __vectors_start__ = ABSOLUTE (.)
 *(.isr_vector)
 .isr_vector    0x00000000      0x198 ./startup/startup_mk64f12.o
                0x00000000                g_pfnVectors
                0x00000000                __Vectors
                0x00000198                . = ALIGN (0x4)
                0x00000198                __section_table_start = .
                0x00000198                __data_section_table = .
                0x00000198        0x4 LONG 0x7b50 LOADADDR (.data)
                0x0000019c        0x4 LONG 0x20000000 ADDR (.data)
                0x000001a0        0x4 LONG 0x6c SIZEOF (.data)
                0x000001a4        0x4 LONG 0x7b50 LOADADDR (.data_RAM2)
                0x000001a8        0x4 LONG 0x1fff0000 ADDR (.data_RAM2)
                0x000001ac        0x4 LONG 0x0 SIZEOF (.data_RAM2)
                0x000001b0        0x4 LONG 0x7b50 LOADADDR (.data_RAM3)
                0x000001b4        0x4 LONG 0x14000000 ADDR (.data_RAM3)
                0x000001b8        0x4 LONG 0x0 SIZEOF (.data_RAM3)
                0x000001bc                __data_section_table_end = .
                0x000001bc                __bss_section_table = .
                0x000001bc        0x4 LONG 0x2000006c ADDR (.bss)
                0x000001c0        0x4 LONG 0x2b20 SIZEOF (.bss)
                0x000001c4        0x4 LONG 0x1fff0000 ADDR (.bss_RAM2)
                0x000001c8        0x4 LONG 0x0 SIZEOF (.bss_RAM2)
                0x000001cc        0x4 LONG 0x14000000 ADDR (.bss_RAM3)
                0x000001d0        0x4 LONG 0x0 SIZEOF (.bss_RAM3)
                0x000001d4                __bss_section_table_end = .
                0x000001d4                __section_table_end = .
 *(.after_vectors*)
 .after_vectors.init_data
                0x000001d4       0x1c ./startup/startup_mk64f12.o
                0x000001d4                data_init
 .after_vectors.init_bss
                0x000001f0       0x14 ./startup/startup_mk64f12.o
                0x000001f0                bss_init
 .after_vectors.reset
                0x00000204       0x4c ./startup/startup_mk64f12.o
                0x00000204                ResetISR
 .after_vectors
                0x00000250       0x28 ./startup/startup_mk64f12.o
                0x00000250                NMI_Handler
                0x00000254                HardFault_Handler
                0x00000258                MemManage_Handler
                0x0000025c                BusFault_Handler
                0x00000260                UsageFault_Handler
                0x00000268                DebugMon_Handler
                0x00000274                LPTMR0_DriverIRQHandler
                0x00000274                DMA_Error_DriverIRQHandler
                0x00000274                SPI1_DriverIRQHandler
                0x00000274                FTM1_DriverIRQHandler
                0x00000274                FTM2_DriverIRQHandler
                0x00000274                PIT2_DriverIRQHandler
                0x00000274                SDHC_DriverIRQHandler
                0x00000274                I2S0_Tx_DriverIRQHandler
                0x00000274                RTC_Seconds_DriverIRQHandler
                0x00000274                DMA6_DriverIRQHandler
                0x00000274                LLWU_DriverIRQHandler
                0x00000274                MCM_DriverIRQHandler
                0x00000274                MCG_DriverIRQHandler
                0x00000274                ENET_1588_Timer_DriverIRQHandler
                0x00000274                DAC1_DriverIRQHandler
                0x00000274                DMA12_DriverIRQHandler
                0x00000274                CMP1_DriverIRQHandler
                0x00000274                FTM0_DriverIRQHandler
                0x00000274                IntDefaultHandler
                0x00000274                USB0_DriverIRQHandler
                0x00000274                UART5_ERR_DriverIRQHandler
                0x00000274                PORTC_DriverIRQHandler
                0x00000274                DMA11_DriverIRQHandler
                0x00000274                DAC0_DriverIRQHandler
                0x00000274                DMA10_DriverIRQHandler
                0x00000274                CMP2_DriverIRQHandler
                0x00000274                UART2_ERR_DriverIRQHandler
                0x00000274                SPI2_DriverIRQHandler
                0x00000274                LVD_LVW_DriverIRQHandler
                0x00000274                PIT0_DriverIRQHandler
                0x00000274                PORTB_DriverIRQHandler
                0x00000274                DMA5_DriverIRQHandler
                0x00000274                DMA4_DriverIRQHandler
                0x00000274                USBDCD_DriverIRQHandler
                0x00000274                UART3_ERR_DriverIRQHandler
                0x00000274                DMA3_DriverIRQHandler
                0x00000274                DMA8_DriverIRQHandler
                0x00000274                DMA9_DriverIRQHandler
                0x00000274                UART0_ERR_DriverIRQHandler
                0x00000274                CMT_DriverIRQHandler
                0x00000274                Reserved71_DriverIRQHandler
                0x00000274                ADC1_DriverIRQHandler
                0x00000274                PORTA_DriverIRQHandler
                0x00000274                DMA14_DriverIRQHandler
                0x00000274                PIT3_DriverIRQHandler
                0x00000274                PIT1_DriverIRQHandler
                0x00000274                WDOG_EWM_DriverIRQHandler
                0x00000274                PDB0_DriverIRQHandler
                0x00000274                RTC_DriverIRQHandler
                0x00000274                I2S0_Rx_DriverIRQHandler
                0x00000274                Read_Collision_DriverIRQHandler
                0x00000274                SWI_DriverIRQHandler
                0x00000274                UART4_ERR_DriverIRQHandler
                0x00000274                DMA0_DriverIRQHandler
                0x00000274                UART0_LON_DriverIRQHandler
                0x00000274                DMA1_DriverIRQHandler
                0x00000274                ENET_Receive_DriverIRQHandler
                0x00000274                DMA13_DriverIRQHandler
                0x00000274                ENET_Error_DriverIRQHandler
                0x00000274                DMA15_DriverIRQHandler
                0x00000274                SPI0_DriverIRQHandler
                0x00000274                ADC0_DriverIRQHandler
                0x00000274                CMP0_DriverIRQHandler
                0x00000274                CAN0_DriverIRQHandler
                0x00000274                FTM3_DriverIRQHandler
                0x00000274                RNG_DriverIRQHandler
                0x00000274                UART1_ERR_DriverIRQHandler
                0x00000274                DMA2_DriverIRQHandler
                0x00000274                ENET_Transmit_DriverIRQHandler
                0x00000274                PORTD_DriverIRQHandler
                0x00000274                PORTE_DriverIRQHandler
                0x00000274                FTFE_DriverIRQHandler
                0x00000274                DMA7_DriverIRQHandler
                0x00000400                . = 0x400
 *fill*         0x00000278      0x188 ff
                0x00000400                PROVIDE (__FLASH_CONFIG_START__, .)
 *(.FlashConfig)
 .FlashConfig   0x00000400       0x10 ./startup/startup_mk64f12.o
                0x00000400                Flash_Config
                0x00000410                PROVIDE (__FLASH_CONFIG_END__, .)
                0x00000001                ASSERT (! ((__FLASH_CONFIG_START__ == __FLASH_CONFIG_END__)), Linker Flash Config Support Enabled, but no .FlashConfig section provided within application)
 *(.text*)
 .text.UART_EnableTx
                0x00000410       0x40 ./utilities/fsl_debug_console.o
 .text.UART_EnableRx
                0x00000450       0x40 ./utilities/fsl_debug_console.o
 .text.DbgConsole_Init
                0x00000490       0x90 ./utilities/fsl_debug_console.o
                0x00000490                DbgConsole_Init
 .text.__sys_write
                0x00000520       0x54 ./utilities/fsl_debug_console.o
                0x00000520                __sys_write
 .text.DMA0_IRQHandler
                0x00000574        0x8 ./startup/startup_mk64f12.o
                0x00000574                DMA0_IRQHandler
 .text.DMA1_IRQHandler
                0x0000057c        0x8 ./startup/startup_mk64f12.o
                0x0000057c                DMA1_IRQHandler
 .text.DMA2_IRQHandler
                0x00000584        0x8 ./startup/startup_mk64f12.o
                0x00000584                DMA2_IRQHandler
 .text.DMA3_IRQHandler
                0x0000058c        0x8 ./startup/startup_mk64f12.o
                0x0000058c                DMA3_IRQHandler
 .text.DMA4_IRQHandler
                0x00000594        0x8 ./startup/startup_mk64f12.o
                0x00000594                DMA4_IRQHandler
 .text.DMA5_IRQHandler
                0x0000059c        0x8 ./startup/startup_mk64f12.o
                0x0000059c                DMA5_IRQHandler
 .text.DMA6_IRQHandler
                0x000005a4        0x8 ./startup/startup_mk64f12.o
                0x000005a4                DMA6_IRQHandler
 .text.DMA7_IRQHandler
                0x000005ac        0x8 ./startup/startup_mk64f12.o
                0x000005ac                DMA7_IRQHandler
 .text.DMA8_IRQHandler
                0x000005b4        0x8 ./startup/startup_mk64f12.o
                0x000005b4                DMA8_IRQHandler
 .text.DMA9_IRQHandler
                0x000005bc        0x8 ./startup/startup_mk64f12.o
                0x000005bc                DMA9_IRQHandler
 .text.DMA10_IRQHandler
                0x000005c4        0x8 ./startup/startup_mk64f12.o
                0x000005c4                DMA10_IRQHandler
 .text.DMA11_IRQHandler
                0x000005cc        0x8 ./startup/startup_mk64f12.o
                0x000005cc                DMA11_IRQHandler
 .text.DMA12_IRQHandler
                0x000005d4        0x8 ./startup/startup_mk64f12.o
                0x000005d4                DMA12_IRQHandler
 .text.DMA13_IRQHandler
                0x000005dc        0x8 ./startup/startup_mk64f12.o
                0x000005dc                DMA13_IRQHandler
 .text.DMA14_IRQHandler
                0x000005e4        0x8 ./startup/startup_mk64f12.o
                0x000005e4                DMA14_IRQHandler
 .text.DMA15_IRQHandler
                0x000005ec        0x8 ./startup/startup_mk64f12.o
                0x000005ec                DMA15_IRQHandler
 .text.DMA_Error_IRQHandler
                0x000005f4        0x8 ./startup/startup_mk64f12.o
                0x000005f4                DMA_Error_IRQHandler
 .text.MCM_IRQHandler
                0x000005fc        0x8 ./startup/startup_mk64f12.o
                0x000005fc                MCM_IRQHandler
 .text.FTFE_IRQHandler
                0x00000604        0x8 ./startup/startup_mk64f12.o
                0x00000604                FTFE_IRQHandler
 .text.Read_Collision_IRQHandler
                0x0000060c        0x8 ./startup/startup_mk64f12.o
                0x0000060c                Read_Collision_IRQHandler
 .text.LVD_LVW_IRQHandler
                0x00000614        0x8 ./startup/startup_mk64f12.o
                0x00000614                LVD_LVW_IRQHandler
 .text.LLWU_IRQHandler
                0x0000061c        0x8 ./startup/startup_mk64f12.o
                0x0000061c                LLWU_IRQHandler
 .text.WDOG_EWM_IRQHandler
                0x00000624        0x8 ./startup/startup_mk64f12.o
                0x00000624                WDOG_EWM_IRQHandler
 .text.RNG_IRQHandler
                0x0000062c        0x8 ./startup/startup_mk64f12.o
                0x0000062c                RNG_IRQHandler
 .text.I2C0_IRQHandler
                0x00000634        0x8 ./startup/startup_mk64f12.o
                0x00000634                I2C0_IRQHandler
 .text.I2C1_IRQHandler
                0x0000063c        0x8 ./startup/startup_mk64f12.o
                0x0000063c                I2C1_IRQHandler
 .text.SPI0_IRQHandler
                0x00000644        0x8 ./startup/startup_mk64f12.o
                0x00000644                SPI0_IRQHandler
 .text.SPI1_IRQHandler
                0x0000064c        0x8 ./startup/startup_mk64f12.o
                0x0000064c                SPI1_IRQHandler
 .text.I2S0_Tx_IRQHandler
                0x00000654        0x8 ./startup/startup_mk64f12.o
                0x00000654                I2S0_Tx_IRQHandler
 .text.I2S0_Rx_IRQHandler
                0x0000065c        0x8 ./startup/startup_mk64f12.o
                0x0000065c                I2S0_Rx_IRQHandler
 .text.UART0_LON_IRQHandler
                0x00000664        0x8 ./startup/startup_mk64f12.o
                0x00000664                UART0_LON_IRQHandler
 .text.UART0_RX_TX_IRQHandler
                0x0000066c        0x8 ./startup/startup_mk64f12.o
                0x0000066c                UART0_RX_TX_IRQHandler
 .text.UART0_ERR_IRQHandler
                0x00000674        0x8 ./startup/startup_mk64f12.o
                0x00000674                UART0_ERR_IRQHandler
 .text.UART1_RX_TX_IRQHandler
                0x0000067c        0x8 ./startup/startup_mk64f12.o
                0x0000067c                UART1_RX_TX_IRQHandler
 .text.UART1_ERR_IRQHandler
                0x00000684        0x8 ./startup/startup_mk64f12.o
                0x00000684                UART1_ERR_IRQHandler
 .text.UART2_RX_TX_IRQHandler
                0x0000068c        0x8 ./startup/startup_mk64f12.o
                0x0000068c                UART2_RX_TX_IRQHandler
 .text.UART2_ERR_IRQHandler
                0x00000694        0x8 ./startup/startup_mk64f12.o
                0x00000694                UART2_ERR_IRQHandler
 .text.UART3_RX_TX_IRQHandler
                0x0000069c        0x8 ./startup/startup_mk64f12.o
                0x0000069c                UART3_RX_TX_IRQHandler
 .text.UART3_ERR_IRQHandler
                0x000006a4        0x8 ./startup/startup_mk64f12.o
                0x000006a4                UART3_ERR_IRQHandler
 .text.ADC0_IRQHandler
                0x000006ac        0x8 ./startup/startup_mk64f12.o
                0x000006ac                ADC0_IRQHandler
 .text.CMP0_IRQHandler
                0x000006b4        0x8 ./startup/startup_mk64f12.o
                0x000006b4                CMP0_IRQHandler
 .text.CMP1_IRQHandler
                0x000006bc        0x8 ./startup/startup_mk64f12.o
                0x000006bc                CMP1_IRQHandler
 .text.FTM0_IRQHandler
                0x000006c4        0x8 ./startup/startup_mk64f12.o
                0x000006c4                FTM0_IRQHandler
 .text.FTM1_IRQHandler
                0x000006cc        0x8 ./startup/startup_mk64f12.o
                0x000006cc                FTM1_IRQHandler
 .text.FTM2_IRQHandler
                0x000006d4        0x8 ./startup/startup_mk64f12.o
                0x000006d4                FTM2_IRQHandler
 .text.CMT_IRQHandler
                0x000006dc        0x8 ./startup/startup_mk64f12.o
                0x000006dc                CMT_IRQHandler
 .text.RTC_IRQHandler
                0x000006e4        0x8 ./startup/startup_mk64f12.o
                0x000006e4                RTC_IRQHandler
 .text.RTC_Seconds_IRQHandler
                0x000006ec        0x8 ./startup/startup_mk64f12.o
                0x000006ec                RTC_Seconds_IRQHandler
 .text.PIT0_IRQHandler
                0x000006f4        0x8 ./startup/startup_mk64f12.o
                0x000006f4                PIT0_IRQHandler
 .text.PIT1_IRQHandler
                0x000006fc        0x8 ./startup/startup_mk64f12.o
                0x000006fc                PIT1_IRQHandler
 .text.PIT2_IRQHandler
                0x00000704        0x8 ./startup/startup_mk64f12.o
                0x00000704                PIT2_IRQHandler
 .text.PIT3_IRQHandler
                0x0000070c        0x8 ./startup/startup_mk64f12.o
                0x0000070c                PIT3_IRQHandler
 .text.PDB0_IRQHandler
                0x00000714        0x8 ./startup/startup_mk64f12.o
                0x00000714                PDB0_IRQHandler
 .text.USB0_IRQHandler
                0x0000071c        0x8 ./startup/startup_mk64f12.o
                0x0000071c                USB0_IRQHandler
 .text.USBDCD_IRQHandler
                0x00000724        0x8 ./startup/startup_mk64f12.o
                0x00000724                USBDCD_IRQHandler
 .text.Reserved71_IRQHandler
                0x0000072c        0x8 ./startup/startup_mk64f12.o
                0x0000072c                Reserved71_IRQHandler
 .text.DAC0_IRQHandler
                0x00000734        0x8 ./startup/startup_mk64f12.o
                0x00000734                DAC0_IRQHandler
 .text.MCG_IRQHandler
                0x0000073c        0x8 ./startup/startup_mk64f12.o
                0x0000073c                MCG_IRQHandler
 .text.LPTMR0_IRQHandler
                0x00000744        0x8 ./startup/startup_mk64f12.o
                0x00000744                LPTMR0_IRQHandler
 .text.PORTA_IRQHandler
                0x0000074c        0x8 ./startup/startup_mk64f12.o
                0x0000074c                PORTA_IRQHandler
 .text.PORTB_IRQHandler
                0x00000754        0x8 ./startup/startup_mk64f12.o
                0x00000754                PORTB_IRQHandler
 .text.PORTD_IRQHandler
                0x0000075c        0x8 ./startup/startup_mk64f12.o
                0x0000075c                PORTD_IRQHandler
 .text.PORTE_IRQHandler
                0x00000764        0x8 ./startup/startup_mk64f12.o
                0x00000764                PORTE_IRQHandler
 .text.SWI_IRQHandler
                0x0000076c        0x8 ./startup/startup_mk64f12.o
                0x0000076c                SWI_IRQHandler
 .text.SPI2_IRQHandler
                0x00000774        0x8 ./startup/startup_mk64f12.o
                0x00000774                SPI2_IRQHandler
 .text.UART4_RX_TX_IRQHandler
                0x0000077c        0x8 ./startup/startup_mk64f12.o
                0x0000077c                UART4_RX_TX_IRQHandler
 .text.UART4_ERR_IRQHandler
                0x00000784        0x8 ./startup/startup_mk64f12.o
                0x00000784                UART4_ERR_IRQHandler
 .text.UART5_RX_TX_IRQHandler
                0x0000078c        0x8 ./startup/startup_mk64f12.o
                0x0000078c                UART5_RX_TX_IRQHandler
 .text.UART5_ERR_IRQHandler
                0x00000794        0x8 ./startup/startup_mk64f12.o
                0x00000794                UART5_ERR_IRQHandler
 .text.CMP2_IRQHandler
                0x0000079c        0x8 ./startup/startup_mk64f12.o
                0x0000079c                CMP2_IRQHandler
 .text.FTM3_IRQHandler
                0x000007a4        0x8 ./startup/startup_mk64f12.o
                0x000007a4                FTM3_IRQHandler
 .text.DAC1_IRQHandler
                0x000007ac        0x8 ./startup/startup_mk64f12.o
                0x000007ac                DAC1_IRQHandler
 .text.ADC1_IRQHandler
                0x000007b4        0x8 ./startup/startup_mk64f12.o
                0x000007b4                ADC1_IRQHandler
 .text.I2C2_IRQHandler
                0x000007bc        0x8 ./startup/startup_mk64f12.o
                0x000007bc                I2C2_IRQHandler
 .text.CAN0_ORed_Message_buffer_IRQHandler
                0x000007c4        0x8 ./startup/startup_mk64f12.o
                0x000007c4                CAN0_ORed_Message_buffer_IRQHandler
 .text.CAN0_Bus_Off_IRQHandler
                0x000007cc        0x8 ./startup/startup_mk64f12.o
                0x000007cc                CAN0_Bus_Off_IRQHandler
 .text.CAN0_Error_IRQHandler
                0x000007d4        0x8 ./startup/startup_mk64f12.o
                0x000007d4                CAN0_Error_IRQHandler
 .text.CAN0_Tx_Warning_IRQHandler
                0x000007dc        0x8 ./startup/startup_mk64f12.o
                0x000007dc                CAN0_Tx_Warning_IRQHandler
 .text.CAN0_Rx_Warning_IRQHandler
                0x000007e4        0x8 ./startup/startup_mk64f12.o
                0x000007e4                CAN0_Rx_Warning_IRQHandler
 .text.CAN0_Wake_Up_IRQHandler
                0x000007ec        0x8 ./startup/startup_mk64f12.o
                0x000007ec                CAN0_Wake_Up_IRQHandler
 .text.SDHC_IRQHandler
                0x000007f4        0x8 ./startup/startup_mk64f12.o
                0x000007f4                SDHC_IRQHandler
 .text.Misc_EnableHv
                0x000007fc       0x48 ./source/Misc/Misc.o
                0x000007fc                Misc_EnableHv
 .text.PORTC_IRQHandler
                0x00000844       0x40 ./source/Misc/Misc.o
                0x00000844                PORTC_IRQHandler
 .text.NVIC_SetPriority
                0x00000884       0x54 ./source/I2C/HAL/I2C_HAL.o
 .text.CLOCK_EnableClock
                0x000008d8       0x38 ./source/I2C/HAL/I2C_HAL.o
 .text.GPIO_WritePinOutput
                0x00000910       0x38 ./source/I2C/HAL/I2C_HAL.o
 .text.PORT_SetPinConfig
                0x00000948       0x38 ./source/I2C/HAL/I2C_HAL.o
 .text.PORT_SetPinMux
                0x00000980       0x3c ./source/I2C/HAL/I2C_HAL.o
 .text.I2C_InitPins
                0x000009bc       0x48 ./source/I2C/HAL/I2C_HAL.o
 .text.I2C_ReleaseBus
                0x00000a04       0xf8 ./source/I2C/HAL/I2C_HAL.o
 .text.I2C_ReleaseBusDelay
                0x00000afc       0x2c ./source/I2C/HAL/I2C_HAL.o
 .text.I2C_Init
                0x00000b28       0x48 ./source/I2C/HAL/I2C_HAL.o
                0x00000b28                I2C_Init
 .text.I2C_Write
                0x00000b70       0x54 ./source/I2C/HAL/I2C_HAL.o
                0x00000b70                I2C_Write
 .text.I2C_Read
                0x00000bc4       0x58 ./source/I2C/HAL/I2C_HAL.o
                0x00000bc4                I2C_Read
 .text.DS_IsBusy
                0x00000c1c       0x2c ./source/I2C/DS3231/DS3231.o
 .text.DS_Init  0x00000c48        0xc ./source/I2C/DS3231/DS3231.o
                0x00000c48                DS_Init
 .text.DS_GetDateTime
                0x00000c54      0x138 ./source/I2C/DS3231/DS3231.o
                0x00000c54                DS_GetDateTime
 .text.DS_GetTemp
                0x00000d8c       0x94 ./source/I2C/DS3231/DS3231.o
                0x00000d8c                DS_GetTemp
 .text.main     0x00000e20       0x68 ./source/MK64FN1M0xxx12_Center.o
                0x00000e20                main
 .text.UartListenTask
                0x00000e88       0x20 ./source/MK64FN1M0xxx12_Center.o
                0x00000e88                UartListenTask
 .text.DsRtcCommTask
                0x00000ea8       0x94 ./source/MK64FN1M0xxx12_Center.o
                0x00000ea8                DsRtcCommTask
 .text.vPortSetupTimerInterrupt
                0x00000f3c       0x40 ./freertos/fsl_tickless_lptmr.o
                0x00000f3c                vPortSetupTimerInterrupt
 .text.pvPortMalloc
                0x00000f7c      0x184 ./freertos/heap_4.o
                0x00000f7c                pvPortMalloc
 .text.vPortFree
                0x00001100       0xb0 ./freertos/heap_4.o
                0x00001100                vPortFree
 .text.prvHeapInit
                0x000011b0       0xc4 ./freertos/heap_4.o
 .text.prvInsertBlockIntoFreeList
                0x00001274       0xb4 ./freertos/heap_4.o
 .text.vListInitialise
                0x00001328       0x40 ./freertos/list.o
                0x00001328                vListInitialise
 .text.vListInitialiseItem
                0x00001368       0x1c ./freertos/list.o
                0x00001368                vListInitialiseItem
 .text.vListInsertEnd
                0x00001384       0x48 ./freertos/list.o
                0x00001384                vListInsertEnd
 .text.vListInsert
                0x000013cc       0x74 ./freertos/list.o
                0x000013cc                vListInsert
 .text.uxListRemove
                0x00001440       0x54 ./freertos/list.o
                0x00001440                uxListRemove
 .text.pxPortInitialiseStack
                0x00001494       0x68 ./freertos/port.o
                0x00001494                pxPortInitialiseStack
 .text.prvTaskExitError
                0x000014fc       0x3c ./freertos/port.o
 *fill*         0x00001538        0x8 ff
 .text.SVC_Handler
                0x00001540       0x28 ./freertos/port.o
                0x00001540                SVC_Handler
 .text.prvPortStartFirstTask
                0x00001568       0x20 ./freertos/port.o
 .text.xPortStartScheduler
                0x00001588      0x118 ./freertos/port.o
                0x00001588                xPortStartScheduler
 .text.vPortEnterCritical
                0x000016a0       0x5c ./freertos/port.o
                0x000016a0                vPortEnterCritical
 .text.vPortExitCritical
                0x000016fc       0x50 ./freertos/port.o
                0x000016fc                vPortExitCritical
 *fill*         0x0000174c        0x4 ff
 .text.PendSV_Handler
                0x00001750       0x68 ./freertos/port.o
                0x00001750                PendSV_Handler
 .text.SysTick_Handler
                0x000017b8       0x40 ./freertos/port.o
                0x000017b8                SysTick_Handler
 .text.vPortEnableVFP
                0x000017f8       0x14 ./freertos/port.o
 .text.vPortValidateInterruptPriority
                0x0000180c       0x7c ./freertos/port.o
                0x0000180c                vPortValidateInterruptPriority
 .text.xQueueGenericReset
                0x00001888       0xd0 ./freertos/queue.o
                0x00001888                xQueueGenericReset
 .text.xQueueGenericCreate
                0x00001958       0x74 ./freertos/queue.o
                0x00001958                xQueueGenericCreate
 .text.prvInitialiseNewQueue
                0x000019cc       0x48 ./freertos/queue.o
 .text.prvInitialiseMutex
                0x00001a14       0x34 ./freertos/queue.o
 .text.xQueueCreateMutex
                0x00001a48       0x30 ./freertos/queue.o
                0x00001a48                xQueueCreateMutex
 .text.xQueueGenericSend
                0x00001a78      0x1f4 ./freertos/queue.o
                0x00001a78                xQueueGenericSend
 .text.xQueueGenericSendFromISR
                0x00001c6c      0x128 ./freertos/queue.o
                0x00001c6c                xQueueGenericSendFromISR
 .text.xQueueGiveFromISR
                0x00001d94      0x114 ./freertos/queue.o
                0x00001d94                xQueueGiveFromISR
 .text.xQueueGenericReceive
                0x00001ea8      0x224 ./freertos/queue.o
                0x00001ea8                xQueueGenericReceive
 .text.vQueueDelete
                0x000020cc       0x3c ./freertos/queue.o
                0x000020cc                vQueueDelete
 .text.prvCopyDataToQueue
                0x00002108       0xd4 ./freertos/queue.o
 .text.prvCopyDataFromQueue
                0x000021dc       0x4c ./freertos/queue.o
 .text.prvUnlockQueue
                0x00002228       0xa4 ./freertos/queue.o
 .text.prvIsQueueEmpty
                0x000022cc       0x2c ./freertos/queue.o
 .text.prvIsQueueFull
                0x000022f8       0x30 ./freertos/queue.o
 .text.vQueueAddToRegistry
                0x00002328       0x50 ./freertos/queue.o
                0x00002328                vQueueAddToRegistry
 .text.vQueueUnregisterQueue
                0x00002378       0x54 ./freertos/queue.o
                0x00002378                vQueueUnregisterQueue
 .text.vQueueWaitForMessageRestricted
                0x000023cc       0x68 ./freertos/queue.o
                0x000023cc                vQueueWaitForMessageRestricted
 .text.xTaskCreate
                0x00002434       0x84 ./freertos/tasks.o
                0x00002434                xTaskCreate
 .text.prvInitialiseNewTask
                0x000024b8      0x12c ./freertos/tasks.o
 .text.prvAddNewTaskToReadyList
                0x000025e4       0xdc ./freertos/tasks.o
 .text.vTaskDelayUntil
                0x000026c0       0xf4 ./freertos/tasks.o
                0x000026c0                vTaskDelayUntil
 .text.vTaskDelay
                0x000027b4       0x68 ./freertos/tasks.o
                0x000027b4                vTaskDelay
 .text.vTaskStartScheduler
                0x0000281c       0x98 ./freertos/tasks.o
                0x0000281c                vTaskStartScheduler
 .text.vTaskSuspendAll
                0x000028b4       0x1c ./freertos/tasks.o
                0x000028b4                vTaskSuspendAll
 .text.xTaskResumeAll
                0x000028d0      0x138 ./freertos/tasks.o
                0x000028d0                xTaskResumeAll
 .text.xTaskGetTickCount
                0x00002a08       0x20 ./freertos/tasks.o
                0x00002a08                xTaskGetTickCount
 .text.xTaskIncrementTick
                0x00002a28      0x158 ./freertos/tasks.o
                0x00002a28                xTaskIncrementTick
 .text.vTaskSwitchContext
                0x00002b80       0xb4 ./freertos/tasks.o
                0x00002b80                vTaskSwitchContext
 .text.vTaskPlaceOnEventList
                0x00002c34       0x48 ./freertos/tasks.o
                0x00002c34                vTaskPlaceOnEventList
 .text.vTaskPlaceOnEventListRestricted
                0x00002c7c       0x54 ./freertos/tasks.o
                0x00002c7c                vTaskPlaceOnEventListRestricted
 .text.xTaskRemoveFromEventList
                0x00002cd0       0xc4 ./freertos/tasks.o
                0x00002cd0                xTaskRemoveFromEventList
 .text.vTaskSetTimeOutState
                0x00002d94       0x48 ./freertos/tasks.o
                0x00002d94                vTaskSetTimeOutState
 .text.xTaskCheckForTimeOut
                0x00002ddc       0xbc ./freertos/tasks.o
                0x00002ddc                xTaskCheckForTimeOut
 .text.vTaskMissedYield
                0x00002e98       0x18 ./freertos/tasks.o
                0x00002e98                vTaskMissedYield
 .text.prvIdleTask
                0x00002eb0       0x30 ./freertos/tasks.o
 .text.prvInitialiseTaskLists
                0x00002ee0       0x80 ./freertos/tasks.o
 .text.prvCheckTasksWaitingTermination
                0x00002f60       0x78 ./freertos/tasks.o
 .text.prvDeleteTCB
                0x00002fd8       0x20 ./freertos/tasks.o
 .text.prvResetNextTaskUnblockTime
                0x00002ff8       0x4c ./freertos/tasks.o
 .text.xTaskGetSchedulerState
                0x00003044       0x3c ./freertos/tasks.o
                0x00003044                xTaskGetSchedulerState
 .text.vTaskPriorityInherit
                0x00003080       0xec ./freertos/tasks.o
                0x00003080                vTaskPriorityInherit
 .text.xTaskPriorityDisinherit
                0x0000316c      0x108 ./freertos/tasks.o
                0x0000316c                xTaskPriorityDisinherit
 .text.pvTaskIncrementMutexHeldCount
                0x00003274       0x28 ./freertos/tasks.o
                0x00003274                pvTaskIncrementMutexHeldCount
 .text.prvAddCurrentTaskToDelayedList
                0x0000329c       0xcc ./freertos/tasks.o
 .text.xTimerCreateTimerTask
                0x00003368       0x60 ./freertos/timers.o
                0x00003368                xTimerCreateTimerTask
 .text.xTimerGenericCommand
                0x000033c8       0x98 ./freertos/timers.o
                0x000033c8                xTimerGenericCommand
 .text.prvProcessExpiredTimer
                0x00003460       0x80 ./freertos/timers.o
 .text.prvTimerTask
                0x000034e0       0x24 ./freertos/timers.o
 .text.prvProcessTimerOrBlockTask
                0x00003504       0x9c ./freertos/timers.o
 .text.prvGetNextExpireTime
                0x000035a0       0x48 ./freertos/timers.o
 .text.prvSampleTimeNow
                0x000035e8       0x40 ./freertos/timers.o
 .text.prvInsertTimerInActiveList
                0x00003628       0x84 ./freertos/timers.o
 .text.prvProcessReceivedCommands
                0x000036ac      0x154 ./freertos/timers.o
 .text.prvSwitchTimerLists
                0x00003800       0xc0 ./freertos/timers.o
 .text.prvCheckForValidListAndQueue
                0x000038c0       0x6c ./freertos/timers.o
 .text.BOARD_InitDebugConsole
                0x0000392c       0x28 ./frdmk64f/board.o
                0x0000392c                BOARD_InitDebugConsole
 .text.CLOCK_SetSimSafeDivs
                0x00003954       0x20 ./frdmk64f/clock_config.o
 .text.CLOCK_SetXtal0Freq
                0x00003974       0x20 ./frdmk64f/clock_config.o
 .text.BOARD_InitBootClocks
                0x00003994        0xc ./frdmk64f/clock_config.o
                0x00003994                BOARD_InitBootClocks
 .text.CLOCK_CONFIG_SetFllExtRefDiv
                0x000039a0       0x3c ./frdmk64f/clock_config.o
 .text.BOARD_BootClockRUN
                0x000039dc       0x60 ./frdmk64f/clock_config.o
                0x000039dc                BOARD_BootClockRUN
 .text.CLOCK_EnableClock
                0x00003a3c       0x38 ./frdmk64f/pin_mux.o
 .text.PORT_SetPinMux
                0x00003a74       0x3c ./frdmk64f/pin_mux.o
 .text.BOARD_InitBootPins
                0x00003ab0        0xc ./frdmk64f/pin_mux.o
                0x00003ab0                BOARD_InitBootPins
 .text.BOARD_InitPins
                0x00003abc       0x48 ./frdmk64f/pin_mux.o
                0x00003abc                BOARD_InitPins
 .text.CLOCK_SetEr32kClock
                0x00003b04       0x30 ./drivers/fsl_clock.o
 .text.CLOCK_SetPllFllSelClock
                0x00003b34       0x3c ./drivers/fsl_clock.o
 .text.OSC_SetExtRefClkConfig
                0x00003b70       0x34 ./drivers/fsl_clock.o
 .text.OSC_SetCapLoad
                0x00003ba4       0x34 ./drivers/fsl_clock.o
 .text.CLOCK_GetMcgExtClkFreq
                0x00003bd8       0x78 ./drivers/fsl_clock.o
 .text.CLOCK_GetFllExtRefClkFreq
                0x00003c50       0xc8 ./drivers/fsl_clock.o
 .text.CLOCK_GetInternalRefClkSelectFreq
                0x00003d18       0x44 ./drivers/fsl_clock.o
 .text.CLOCK_GetFllRefClkFreq
                0x00003d5c       0x2c ./drivers/fsl_clock.o
 .text.CLOCK_GetPll0RefFreq
                0x00003d88       0x10 ./drivers/fsl_clock.o
 .text.CLOCK_GetOscRangeFromFreq
                0x00003d98       0x3c ./drivers/fsl_clock.o
 .text.CLOCK_GetCoreSysClkFreq
                0x00003dd4       0x28 ./drivers/fsl_clock.o
                0x00003dd4                CLOCK_GetCoreSysClkFreq
 .text.CLOCK_SetSimConfig
                0x00003dfc       0x38 ./drivers/fsl_clock.o
                0x00003dfc                CLOCK_SetSimConfig
 .text.CLOCK_GetOutClkFreq
                0x00003e34       0x64 ./drivers/fsl_clock.o
                0x00003e34                CLOCK_GetOutClkFreq
 .text.CLOCK_GetFllFreq
                0x00003e98       0x78 ./drivers/fsl_clock.o
                0x00003e98                CLOCK_GetFllFreq
 .text.CLOCK_GetPll0Freq
                0x00003f10       0x68 ./drivers/fsl_clock.o
                0x00003f10                CLOCK_GetPll0Freq
 .text.CLOCK_SetExternalRefClkConfig
                0x00003f78       0x6c ./drivers/fsl_clock.o
                0x00003f78                CLOCK_SetExternalRefClkConfig
 .text.CLOCK_SetInternalRefClkConfig
                0x00003fe4      0x104 ./drivers/fsl_clock.o
                0x00003fe4                CLOCK_SetInternalRefClkConfig
 .text.CLOCK_EnablePll0
                0x000040e8       0x84 ./drivers/fsl_clock.o
                0x000040e8                CLOCK_EnablePll0
 .text.CLOCK_InitOsc0
                0x0000416c       0x8c ./drivers/fsl_clock.o
                0x0000416c                CLOCK_InitOsc0
 .text.CLOCK_SetPbeMode
                0x000041f8       0xa8 ./drivers/fsl_clock.o
                0x000041f8                CLOCK_SetPbeMode
 .text.CLOCK_BootToPeeMode
                0x000042a0       0x64 ./drivers/fsl_clock.o
                0x000042a0                CLOCK_BootToPeeMode
 .text.ENET_Transmit_IRQHandler
                0x00004304       0x24 ./drivers/fsl_enet.o
                0x00004304                ENET_Transmit_IRQHandler
 .text.ENET_Receive_IRQHandler
                0x00004328       0x24 ./drivers/fsl_enet.o
                0x00004328                ENET_Receive_IRQHandler
 .text.ENET_Error_IRQHandler
                0x0000434c       0x24 ./drivers/fsl_enet.o
                0x0000434c                ENET_Error_IRQHandler
 .text.ENET_1588_Timer_IRQHandler
                0x00004370       0x24 ./drivers/fsl_enet.o
                0x00004370                ENET_1588_Timer_IRQHandler
 .text.GPIO_WritePinOutput
                0x00004394       0x38 ./drivers/fsl_gpio.o
 .text.GPIO_GetInstance
                0x000043cc       0x4c ./drivers/fsl_gpio.o
 .text.GPIO_PinInit
                0x00004418       0x64 ./drivers/fsl_gpio.o
                0x00004418                GPIO_PinInit
 .text.GPIO_ClearPinsInterruptFlags
                0x0000447c       0x34 ./drivers/fsl_gpio.o
                0x0000447c                GPIO_ClearPinsInterruptFlags
 .text.NVIC_EnableIRQ
                0x000044b0       0x34 ./drivers/fsl_i2c.o
 .text.CLOCK_EnableClock
                0x000044e4       0x38 ./drivers/fsl_i2c.o
 .text.EnableIRQ
                0x0000451c       0x28 ./drivers/fsl_i2c.o
 .text.I2C_MasterClearStatusFlags
                0x00004544       0x5c ./drivers/fsl_i2c.o
 .text.I2C_GetInstance
                0x000045a0       0x4c ./drivers/fsl_i2c.o
                0x000045a0                I2C_GetInstance
 .text.I2C_InitTransferStateMachine
                0x000045ec       0x90 ./drivers/fsl_i2c.o
 .text.I2C_CheckAndClearError
                0x0000467c       0x44 ./drivers/fsl_i2c.o
 .text.I2C_MasterTransferRunStateMachine
                0x000046c0      0x250 ./drivers/fsl_i2c.o
 .text.I2C_TransferCommonIRQHandler
                0x00004910       0x50 ./drivers/fsl_i2c.o
 .text.I2C_MasterInit
                0x00004960       0xdc ./drivers/fsl_i2c.o
                0x00004960                I2C_MasterInit
 .text.I2C_EnableInterrupts
                0x00004a3c       0x58 ./drivers/fsl_i2c.o
                0x00004a3c                I2C_EnableInterrupts
 .text.I2C_DisableInterrupts
                0x00004a94       0x4c ./drivers/fsl_i2c.o
                0x00004a94                I2C_DisableInterrupts
 .text.I2C_MasterSetBaudRate
                0x00004ae0       0xe0 ./drivers/fsl_i2c.o
                0x00004ae0                I2C_MasterSetBaudRate
 .text.I2C_MasterStart
                0x00004bc0       0x64 ./drivers/fsl_i2c.o
                0x00004bc0                I2C_MasterStart
 .text.I2C_MasterRepeatedStart
                0x00004c24       0x9c ./drivers/fsl_i2c.o
                0x00004c24                I2C_MasterRepeatedStart
 .text.I2C_MasterStop
                0x00004cc0       0x58 ./drivers/fsl_i2c.o
                0x00004cc0                I2C_MasterStop
 .text.I2C_MasterGetStatusFlags
                0x00004d18       0x4c ./drivers/fsl_i2c.o
                0x00004d18                I2C_MasterGetStatusFlags
 .text.I2C_MasterTransferCreateHandle
                0x00004d64       0x74 ./drivers/fsl_i2c.o
                0x00004d64                I2C_MasterTransferCreateHandle
 .text.I2C_MasterTransferNonBlocking
                0x00004dd8       0x64 ./drivers/fsl_i2c.o
                0x00004dd8                I2C_MasterTransferNonBlocking
 .text.I2C_MasterTransferHandleIRQ
                0x00004e3c       0xb4 ./drivers/fsl_i2c.o
                0x00004e3c                I2C_MasterTransferHandleIRQ
 .text.I2C0_DriverIRQHandler
                0x00004ef0       0x1c ./drivers/fsl_i2c.o
                0x00004ef0                I2C0_DriverIRQHandler
 .text.I2C1_DriverIRQHandler
                0x00004f0c       0x1c ./drivers/fsl_i2c.o
                0x00004f0c                I2C1_DriverIRQHandler
 .text.I2C2_DriverIRQHandler
                0x00004f28       0x1c ./drivers/fsl_i2c.o
                0x00004f28                I2C2_DriverIRQHandler
 .text.I2C_RTOS_Callback
                0x00004f44       0x4c ./drivers/fsl_i2c_freertos.o
 .text.I2C_RTOS_Init
                0x00004f90       0x9c ./drivers/fsl_i2c_freertos.o
                0x00004f90                I2C_RTOS_Init
 .text.I2C_RTOS_Transfer
                0x0000502c       0x7c ./drivers/fsl_i2c_freertos.o
                0x0000502c                I2C_RTOS_Transfer
 .text.CLOCK_EnableClock
                0x000050a8       0x38 ./drivers/fsl_uart.o
 .text.UART_GetInstance
                0x000050e0       0x54 ./drivers/fsl_uart.o
                0x000050e0                UART_GetInstance
 .text.UART_Init
                0x00005134      0x2b0 ./drivers/fsl_uart.o
                0x00005134                UART_Init
 .text.UART_GetDefaultConfig
                0x000053e4       0x4c ./drivers/fsl_uart.o
                0x000053e4                UART_GetDefaultConfig
 .text.UART_GetStatusFlags
                0x00005430       0x48 ./drivers/fsl_uart.o
                0x00005430                UART_GetStatusFlags
 .text.UART_WriteBlocking
                0x00005478       0x40 ./drivers/fsl_uart.o
                0x00005478                UART_WriteBlocking
 .text.UART_ReadBlocking
                0x000054b8       0x90 ./drivers/fsl_uart.o
                0x000054b8                UART_ReadBlocking
 .text.UART0_DriverIRQHandler
                0x00005548       0x24 ./drivers/fsl_uart.o
                0x00005548                UART0_DriverIRQHandler
 .text.UART0_RX_TX_DriverIRQHandler
                0x0000556c        0xc ./drivers/fsl_uart.o
                0x0000556c                UART0_RX_TX_DriverIRQHandler
 .text.UART1_DriverIRQHandler
                0x00005578       0x24 ./drivers/fsl_uart.o
                0x00005578                UART1_DriverIRQHandler
 .text.UART1_RX_TX_DriverIRQHandler
                0x0000559c        0xc ./drivers/fsl_uart.o
                0x0000559c                UART1_RX_TX_DriverIRQHandler
 .text.UART2_DriverIRQHandler
                0x000055a8       0x24 ./drivers/fsl_uart.o
                0x000055a8                UART2_DriverIRQHandler
 .text.UART2_RX_TX_DriverIRQHandler
                0x000055cc        0xc ./drivers/fsl_uart.o
                0x000055cc                UART2_RX_TX_DriverIRQHandler
 .text.UART3_DriverIRQHandler
                0x000055d8       0x24 ./drivers/fsl_uart.o
                0x000055d8                UART3_DriverIRQHandler
 .text.UART3_RX_TX_DriverIRQHandler
                0x000055fc        0xc ./drivers/fsl_uart.o
                0x000055fc                UART3_RX_TX_DriverIRQHandler
 .text.UART4_DriverIRQHandler
                0x00005608       0x24 ./drivers/fsl_uart.o
                0x00005608                UART4_DriverIRQHandler
 .text.UART4_RX_TX_DriverIRQHandler
                0x0000562c        0xc ./drivers/fsl_uart.o
                0x0000562c                UART4_RX_TX_DriverIRQHandler
 .text.UART5_DriverIRQHandler
                0x00005638       0x24 ./drivers/fsl_uart.o
                0x00005638                UART5_DriverIRQHandler
 .text.UART5_RX_TX_DriverIRQHandler
                0x0000565c        0xc ./drivers/fsl_uart.o
                0x0000565c                UART5_RX_TX_DriverIRQHandler
 .text.SystemInit
                0x00005668       0x40 ./CMSIS/system_MK64F12.o
                0x00005668                SystemInit
 .text.__main   0x000056a8        0xe e:/nxp/mcuxpressoide_10.0.0_344/ide/tools/bin/../lib/gcc/arm-none-eabi/5.4.1/../../../../arm-none-eabi/lib/armv7e-m/fpu\libcr_semihost_nf.a(_cr__main.o)
                0x000056a8                __CR_SEMIHOST
                0x000056a8                __main
 *fill*         0x000056b6        0x2 ff
 .text.__assertion_failed
                0x000056b8       0x4c e:/nxp/mcuxpressoide_10.0.0_344/ide/tools/bin/../lib/gcc/arm-none-eabi/5.4.1/../../../../arm-none-eabi/lib/armv7e-m/fpu\libcr_semihost_nf.a(_cr_assert.o)
                0x000056b8                __assertion_failed
 .text.__sys_appexit
                0x00005704        0xc e:/nxp/mcuxpressoide_10.0.0_344/ide/tools/bin/../lib/gcc/arm-none-eabi/5.4.1/../../../../arm-none-eabi/lib/armv7e-m/fpu\libcr_semihost_nf.a(__sys_appexit.o)
                0x00005704                __sys_appexit
                0x00005704                __exit
 .text.memcpy   0x00005710        0x4 e:/nxp/mcuxpressoide_10.0.0_344/ide/tools/bin/../lib/gcc/arm-none-eabi/5.4.1/../../../../arm-none-eabi/lib/armv7e-m/fpu\libcr_c.a(memcpy.o)
                0x00005710                memcpy
 .text.memset   0x00005714        0x4 e:/nxp/mcuxpressoide_10.0.0_344/ide/tools/bin/../lib/gcc/arm-none-eabi/5.4.1/../../../../arm-none-eabi/lib/armv7e-m/fpu\libcr_c.a(memset.o)
                0x00005714                memset
 .text._deferredlazyseek
                0x00005718       0x40 e:/nxp/mcuxpressoide_10.0.0_344/ide/tools/bin/../lib/gcc/arm-none-eabi/5.4.1/../../../../arm-none-eabi/lib/armv7e-m/fpu\libcr_c.a(_deferredlazyseek.o)
                0x00005718                _deferredlazyseek
 .text.__flsbuf
                0x00005758      0x13e e:/nxp/mcuxpressoide_10.0.0_344/ide/tools/bin/../lib/gcc/arm-none-eabi/5.4.1/../../../../arm-none-eabi/lib/armv7e-m/fpu\libcr_c.a(_deferredlazyseek.o)
                0x00005758                __flsbuf
 .text._fflush  0x00005896       0x54 e:/nxp/mcuxpressoide_10.0.0_344/ide/tools/bin/../lib/gcc/arm-none-eabi/5.4.1/../../../../arm-none-eabi/lib/armv7e-m/fpu\libcr_c.a(_fflush.o)
                0x00005896                _fflush
 *fill*         0x000058ea        0x2 ff
 .text._Cwritebuf
                0x000058ec       0x68 e:/nxp/mcuxpressoide_10.0.0_344/ide/tools/bin/../lib/gcc/arm-none-eabi/5.4.1/../../../../arm-none-eabi/lib/armv7e-m/fpu\libcr_c.a(_writebuf.o)
                0x000058ec                _Cwritebuf
 .text.malloc   0x00005954       0xc8 e:/nxp/mcuxpressoide_10.0.0_344/ide/tools/bin/../lib/gcc/arm-none-eabi/5.4.1/../../../../arm-none-eabi/lib/armv7e-m/fpu\libcr_c.a(alloc.o)
                0x00005954                malloc
 .text.free     0x00005a1c       0x30 e:/nxp/mcuxpressoide_10.0.0_344/ide/tools/bin/../lib/gcc/arm-none-eabi/5.4.1/../../../../arm-none-eabi/lib/armv7e-m/fpu\libcr_c.a(alloc.o)
                0x00005a1c                free
 .text._Csys_alloc
                0x00005a4c       0x20 e:/nxp/mcuxpressoide_10.0.0_344/ide/tools/bin/../lib/gcc/arm-none-eabi/5.4.1/../../../../arm-none-eabi/lib/armv7e-m/fpu\libcr_c.a(alloc.o)
                0x00005a4c                _Csys_alloc
 .text.fputs    0x00005a6c       0x2c e:/nxp/mcuxpressoide_10.0.0_344/ide/tools/bin/../lib/gcc/arm-none-eabi/5.4.1/../../../../arm-none-eabi/lib/armv7e-m/fpu\libcr_c.a(fputs.o)
                0x00005a6c                fputs
 .text.fseek    0x00005a98      0x100 e:/nxp/mcuxpressoide_10.0.0_344/ide/tools/bin/../lib/gcc/arm-none-eabi/5.4.1/../../../../arm-none-eabi/lib/armv7e-m/fpu\libcr_c.a(fseek.o)
                0x00005a98                fseek
 .text.ftell    0x00005b98       0x48 e:/nxp/mcuxpressoide_10.0.0_344/ide/tools/bin/../lib/gcc/arm-none-eabi/5.4.1/../../../../arm-none-eabi/lib/armv7e-m/fpu\libcr_c.a(ftell.o)
                0x00005b98                ftell
 .text._initio  0x00005be0       0x78 e:/nxp/mcuxpressoide_10.0.0_344/ide/tools/bin/../lib/gcc/arm-none-eabi/5.4.1/../../../../arm-none-eabi/lib/armv7e-m/fpu\libcr_c.a(initio.o)
                0x00005be0                _initio
 .text.no_fp_display
                0x00005c58        0x4 e:/nxp/mcuxpressoide_10.0.0_344/ide/tools/bin/../lib/gcc/arm-none-eabi/5.4.1/../../../../arm-none-eabi/lib/armv7e-m/fpu\libcr_c.a(printf.o)
 .text.__vfprintf
                0x00005c5c      0xd48 e:/nxp/mcuxpressoide_10.0.0_344/ide/tools/bin/../lib/gcc/arm-none-eabi/5.4.1/../../../../arm-none-eabi/lib/armv7e-m/fpu\libcr_c.a(printf.o)
                0x00005c5c                __vfprintf
 .text._vsnprintf
                0x000069a4       0x5c e:/nxp/mcuxpressoide_10.0.0_344/ide/tools/bin/../lib/gcc/arm-none-eabi/5.4.1/../../../../arm-none-eabi/lib/armv7e-m/fpu\libcr_c.a(printf.o)
                0x000069a4                _vsnprintf
 .text._printf  0x00006a00       0x54 e:/nxp/mcuxpressoide_10.0.0_344/ide/tools/bin/../lib/gcc/arm-none-eabi/5.4.1/../../../../arm-none-eabi/lib/armv7e-m/fpu\libcr_c.a(printf.o)
                0x00006a00                _printf
 .text.setvbuf  0x00006a54       0x44 e:/nxp/mcuxpressoide_10.0.0_344/ide/tools/bin/../lib/gcc/arm-none-eabi/5.4.1/../../../../arm-none-eabi/lib/armv7e-m/fpu\libcr_c.a(setvbuf.o)
                0x00006a54                setvbuf
 .text.strlen   0x00006a98       0x4a e:/nxp/mcuxpressoide_10.0.0_344/ide/tools/bin/../lib/gcc/arm-none-eabi/5.4.1/../../../../arm-none-eabi/lib/armv7e-m/fpu\libcr_c.a(strlen.o)
                0x00006a98                strlen
 *fill*         0x00006ae2        0x2 ff
 .text._sbrk    0x00006ae4       0x40 e:/nxp/mcuxpressoide_10.0.0_344/ide/tools/bin/../lib/gcc/arm-none-eabi/5.4.1/../../../../arm-none-eabi/lib/armv7e-m/fpu\libcr_c.a(_cr_sbrk.o)
                0x00006ae4                _sbrk
 .text._fdopen  0x00006b24       0x6a e:/nxp/mcuxpressoide_10.0.0_344/ide/tools/bin/../lib/gcc/arm-none-eabi/5.4.1/../../../../arm-none-eabi/lib/armv7e-m/fpu\libcr_c.a(_fdopen.o)
                0x00006b24                _fdopen
 .text.fclose   0x00006b8e       0x58 e:/nxp/mcuxpressoide_10.0.0_344/ide/tools/bin/../lib/gcc/arm-none-eabi/5.4.1/../../../../arm-none-eabi/lib/armv7e-m/fpu\libcr_c.a(fclose.o)
                0x00006b8e                fclose
 *fill*         0x00006be6        0x2 ff
 .text.fflush   0x00006be8       0x48 e:/nxp/mcuxpressoide_10.0.0_344/ide/tools/bin/../lib/gcc/arm-none-eabi/5.4.1/../../../../arm-none-eabi/lib/armv7e-m/fpu\libcr_c.a(fflush.o)
                0x00006be8                fflush
 .text.remove   0x00006c30       0x14 e:/nxp/mcuxpressoide_10.0.0_344/ide/tools/bin/../lib/gcc/arm-none-eabi/5.4.1/../../../../arm-none-eabi/lib/armv7e-m/fpu\libcr_c.a(remove.o)
                0x00006c30                remove
 .text.__check_heap_overflow
                0x00006c44       0x18 e:/nxp/mcuxpressoide_10.0.0_344/ide/tools/bin/../lib/gcc/arm-none-eabi/5.4.1/../../../../arm-none-eabi/lib/armv7e-m/fpu\libcr_c.a(_cr_check_heap.o)
                0x00006c44                __check_heap_overflow
 .text._do_fflush
                0x00006c5c       0x42 e:/nxp/mcuxpressoide_10.0.0_344/ide/tools/bin/../lib/gcc/arm-none-eabi/5.4.1/../../../../arm-none-eabi/lib/armv7e-m/fpu\libcr_c.a(_do_fflush.o)
                0x00006c5c                _do_fflush
 *fill*         0x00006c9e        0x2 ff
 .text.__aeabi_dmul
                0x00006ca0      0x110 e:/nxp/mcuxpressoide_10.0.0_344/ide/tools/bin/../lib/gcc/arm-none-eabi/5.4.1/armv7e-m/fpu\libcr_eabihelpers.a(double.o)
                0x00006ca0                __aeabi_dmul
 .text.__aeabi_d2f
                0x00006db0       0x58 e:/nxp/mcuxpressoide_10.0.0_344/ide/tools/bin/../lib/gcc/arm-none-eabi/5.4.1/armv7e-m/fpu\libcr_eabihelpers.a(double.o)
                0x00006db0                __aeabi_d2f
 .text.__bhs_ui2d
                0x00006e08       0x46 e:/nxp/mcuxpressoide_10.0.0_344/ide/tools/bin/../lib/gcc/arm-none-eabi/5.4.1/armv7e-m/fpu\libcr_eabihelpers.a(double.o)
                0x00006e08                __bhs_ui2d
 .text.__aeabi_i2d
                0x00006e4e       0x10 e:/nxp/mcuxpressoide_10.0.0_344/ide/tools/bin/../lib/gcc/arm-none-eabi/5.4.1/armv7e-m/fpu\libcr_eabihelpers.a(double.o)
                0x00006e4e                __aeabi_i2d
 .text.__aeabi_memcpy
                0x00006e5e       0x34 e:/nxp/mcuxpressoide_10.0.0_344/ide/tools/bin/../lib/gcc/arm-none-eabi/5.4.1/armv7e-m/fpu\libcr_eabihelpers.a(memcpy.o)
                0x00006e5e                __aeabi_memcpy
                0x00006e68                __aeabi_memcpy8
                0x00006e68                __aeabi_memcpy4
 .text.__aeabi_memset_lowlevel
                0x00006e92       0x32 e:/nxp/mcuxpressoide_10.0.0_344/ide/tools/bin/../lib/gcc/arm-none-eabi/5.4.1/armv7e-m/fpu\libcr_eabihelpers.a(memcpy.o)
                0x00006e92                __aeabi_lowlevel_memset
 .text.__sys_close
                0x00006ec4        0xc e:/nxp/mcuxpressoide_10.0.0_344/ide/tools/bin/../lib/gcc/arm-none-eabi/5.4.1/../../../../arm-none-eabi/lib/armv7e-m/fpu\libcr_semihost_nf.a(__sys_close.o)
                0x00006ec4                __sys_close
 .text.__sys_flen
                0x00006ed0        0xc e:/nxp/mcuxpressoide_10.0.0_344/ide/tools/bin/../lib/gcc/arm-none-eabi/5.4.1/../../../../arm-none-eabi/lib/armv7e-m/fpu\libcr_semihost_nf.a(__sys_flen.o)
                0x00006ed0                __sys_flen
 .text.__sys_istty
                0x00006edc        0xc e:/nxp/mcuxpressoide_10.0.0_344/ide/tools/bin/../lib/gcc/arm-none-eabi/5.4.1/../../../../arm-none-eabi/lib/armv7e-m/fpu\libcr_semihost_nf.a(__sys_istty.o)
                0x00006edc                __sys_istty
 .text.__sys_remove
                0x00006ee8        0xc e:/nxp/mcuxpressoide_10.0.0_344/ide/tools/bin/../lib/gcc/arm-none-eabi/5.4.1/../../../../arm-none-eabi/lib/armv7e-m/fpu\libcr_semihost_nf.a(__sys_remove.o)
                0x00006ee8                __sys_remove
 .text.__sys_seek
                0x00006ef4        0xc e:/nxp/mcuxpressoide_10.0.0_344/ide/tools/bin/../lib/gcc/arm-none-eabi/5.4.1/../../../../arm-none-eabi/lib/armv7e-m/fpu\libcr_semihost_nf.a(__sys_seek.o)
                0x00006ef4                __sys_seek
 .text.__sys_tmpnam
                0x00006f00        0xc e:/nxp/mcuxpressoide_10.0.0_344/ide/tools/bin/../lib/gcc/arm-none-eabi/5.4.1/../../../../arm-none-eabi/lib/armv7e-m/fpu\libcr_semihost_nf.a(__sys_tmpnam.o)
                0x00006f00                __sys_tmpnam
 *(.rodata .rodata.* .constdata .constdata.*)
 .rodata        0x00006f0c       0x4e ./source/I2C/HAL/I2C_HAL.o
 *fill*         0x00006f5a        0x2 ff
 .rodata        0x00006f5c       0x92 ./source/MK64FN1M0xxx12_Center.o
 *fill*         0x00006fee        0x2 ff
 .rodata        0x00006ff0        0x5 ./freertos/tasks.o
 *fill*         0x00006ff5        0x3 ff
 .rodata        0x00006ff8        0xd ./freertos/timers.o
 *fill*         0x00007005        0x3 ff
 .rodata.mcgConfig_BOARD_BootClockRUN
                0x00007008        0xb ./frdmk64f/clock_config.o
                0x00007008                mcgConfig_BOARD_BootClockRUN
 *fill*         0x00007013        0x1 ff
 .rodata.simConfig_BOARD_BootClockRUN
                0x00007014        0x8 ./frdmk64f/clock_config.o
                0x00007014                simConfig_BOARD_BootClockRUN
 .rodata.oscConfig_BOARD_BootClockRUN
                0x0000701c        0x8 ./frdmk64f/clock_config.o
                0x0000701c                oscConfig_BOARD_BootClockRUN
 .rodata        0x00007024      0x149 ./drivers/fsl_clock.o
 *fill*         0x0000716d        0x3 ff
 .rodata.fllFactorTable.6398
                0x00007170       0x10 ./drivers/fsl_clock.o
 .rodata.s_portBases
                0x00007180       0x14 ./drivers/fsl_gpio.o
 .rodata.s_gpioBases
                0x00007194       0x14 ./drivers/fsl_gpio.o
 .rodata        0x000071a8       0x62 ./drivers/fsl_gpio.o
 *fill*         0x0000720a        0x2 ff
 .rodata.s_i2cDividerTable
                0x0000720c       0x80 ./drivers/fsl_i2c.o
 .rodata.s_i2cBases
                0x0000728c        0xc ./drivers/fsl_i2c.o
 .rodata.s_i2cIrqs
                0x00007298        0x3 ./drivers/fsl_i2c.o
 *fill*         0x0000729b        0x1 ff
 .rodata.s_i2cClocks
                0x0000729c        0xc ./drivers/fsl_i2c.o
 .rodata        0x000072a8      0x2f6 ./drivers/fsl_i2c.o
 *fill*         0x0000759e        0x2 ff
 .rodata.s_uartBases
                0x000075a0       0x18 ./drivers/fsl_uart.o
 .rodata.s_uartClock
                0x000075b8       0x18 ./drivers/fsl_uart.o
 .rodata        0x000075d0      0x513 ./drivers/fsl_uart.o
 .rodata.str1.1
                0x00007ae3       0x15 e:/nxp/mcuxpressoide_10.0.0_344/ide/tools/bin/../lib/gcc/arm-none-eabi/5.4.1/../../../../arm-none-eabi/lib/armv7e-m/fpu\libcr_semihost_nf.a(_cr_assert.o)
 .rodata.__num_Ciob_streams
                0x00007af8        0x4 e:/nxp/mcuxpressoide_10.0.0_344/ide/tools/bin/../lib/gcc/arm-none-eabi/5.4.1/../../../../arm-none-eabi/lib/armv7e-m/fpu\libcr_semihost_nf.a(__ciob.o)
                0x00007af8                __num_Ciob_streams
 .rodata.str1.1
                0x00007afc       0x18 e:/nxp/mcuxpressoide_10.0.0_344/ide/tools/bin/../lib/gcc/arm-none-eabi/5.4.1/../../../../arm-none-eabi/lib/armv7e-m/fpu\libcr_c.a(alloc.o)
 .rodata.str1.1
                0x00007b14        0x4 e:/nxp/mcuxpressoide_10.0.0_344/ide/tools/bin/../lib/gcc/arm-none-eabi/5.4.1/../../../../arm-none-eabi/lib/armv7e-m/fpu\libcr_c.a(initio.o)
 .rodata.str1.1
                0x00007b18       0x35 e:/nxp/mcuxpressoide_10.0.0_344/ide/tools/bin/../lib/gcc/arm-none-eabi/5.4.1/../../../../arm-none-eabi/lib/armv7e-m/fpu\libcr_c.a(printf.o)
                                 0x38 (size before relaxing)
                0x00007b50                . = ALIGN (0x4)
 *fill*         0x00007b4d        0x3 ff

.glue_7         0x00007b50        0x0
 .glue_7        0x00007b50        0x0 linker stubs

.glue_7t        0x00007b50        0x0
 .glue_7t       0x00007b50        0x0 linker stubs

.vfp11_veneer   0x00007b50        0x0
 .vfp11_veneer  0x00007b50        0x0 linker stubs

.v4_bx          0x00007b50        0x0
 .v4_bx         0x00007b50        0x0 linker stubs

.iplt           0x00007b50        0x0
 .iplt          0x00007b50        0x0 ./utilities/fsl_debug_console.o

.rel.dyn        0x00007b50        0x0
 .rel.iplt      0x00007b50        0x0 ./utilities/fsl_debug_console.o

.ARM.extab
 *(.ARM.extab* .gnu.linkonce.armextab.*)
                0x00007b50                __exidx_start = .

.ARM.exidx
 *(.ARM.exidx* .gnu.linkonce.armexidx.*)
                0x00007b50                __exidx_end = .
                0x00007b50                _etext = .

.m_usb_data
 *(m_usb_bdt)

.data_RAM2      0x1fff0000        0x0 load address 0x00007b50
 FILL mask 0xff
                [!provide]                PROVIDE (__start_data_RAM2, .)
 *(.ramfunc.$RAM2)
 *(.ramfunc.$SRAM_LOWER)
 *(.data.$RAM2*)
 *(.data.$SRAM_LOWER*)
                0x1fff0000                . = ALIGN (0x4)
                [!provide]                PROVIDE (__end_data_RAM2, .)

.data_RAM3      0x14000000        0x0 load address 0x00007b50
 FILL mask 0xff
                [!provide]                PROVIDE (__start_data_RAM3, .)
 *(.ramfunc.$RAM3)
 *(.ramfunc.$FLEX_RAM)
 *(.data.$RAM3*)
 *(.data.$FLEX_RAM*)
                0x14000000                . = ALIGN (0x4)
                [!provide]                PROVIDE (__end_data_RAM3, .)

.uninit_RESERVED
                0x20000000        0x0
 *(.bss.$RESERVED*)
                0x20000000                . = ALIGN (0x4)
                0x20000000                _end_uninit_RESERVED = .

.data           0x20000000       0x6c load address 0x00007b50
 FILL mask 0xff
                0x20000000                _data = .
 *(vtable)
 *(.ramfunc*)
 *(.data*)
 .data.I2C_Config
                0x20000000        0xc ./source/I2C/HAL/I2C_HAL.o
 .data.ctrl.6304
                0x2000000c        0x2 ./source/I2C/DS3231/DS3231.o
 *fill*         0x2000000e        0x2 ff
 .data.day.6866
                0x20000010       0x1c ./source/MK64FN1M0xxx12_Center.o
 .data.month.6865
                0x2000002c       0x30 ./source/MK64FN1M0xxx12_Center.o
 .data.uxCriticalNesting
                0x2000005c        0x4 ./freertos/port.o
 .data.s_slowIrcFreq
                0x20000060        0x4 ./drivers/fsl_clock.o
 .data.s_fastIrcFreq
                0x20000064        0x4 ./drivers/fsl_clock.o
 .data.SystemCoreClock
                0x20000068        0x4 ./CMSIS/system_MK64F12.o
                0x20000068                SystemCoreClock
                0x2000006c                . = ALIGN (0x4)
                0x2000006c                _edata = .

.igot.plt       0x2000006c        0x0 load address 0x00007bbc
 .igot.plt      0x2000006c        0x0 ./utilities/fsl_debug_console.o

.bss_RAM2       0x1fff0000        0x0
                [!provide]                PROVIDE (__start_bss_RAM2, .)
 *(.bss.$RAM2*)
 *(.bss.$SRAM_LOWER*)
                0x1fff0000                . = ALIGN ((. != 0x0)?0x4:0x1)
                [!provide]                PROVIDE (__end_bss_RAM2, .)

.bss_RAM3       0x14000000        0x0
                [!provide]                PROVIDE (__start_bss_RAM3, .)
 *(.bss.$RAM3*)
 *(.bss.$FLEX_RAM*)
                0x14000000                . = ALIGN ((. != 0x0)?0x4:0x1)
                [!provide]                PROVIDE (__end_bss_RAM3, .)

.bss            0x2000006c     0x2b20
                0x2000006c                _bss = .
 *(.bss*)
 .bss.s_debugConsole
                0x2000006c       0x10 ./utilities/fsl_debug_console.o
 .bss.hvEnabled.6407
                0x2000007c        0x1 ./source/Misc/Misc.o
 .bss.I2C_Initialized
                0x2000007d        0x1 ./source/I2C/HAL/I2C_HAL.o
 *fill*         0x2000007e        0x2 
 .bss.rtosHandle
                0x20000080       0x38 ./source/I2C/HAL/I2C_HAL.o
 .bss.i2cTransfer
                0x200000b8       0x18 ./source/I2C/HAL/I2C_HAL.o
 .bss.CtrlStat.6289
                0x200000d0        0x1 ./source/I2C/DS3231/DS3231.o
 *fill*         0x200000d1        0x3 
 .bss.result.6300
                0x200000d4        0x7 ./source/I2C/DS3231/DS3231.o
 *fill*         0x200000db        0x1 
 .bss.temp16.6305
                0x200000dc        0x2 ./source/I2C/DS3231/DS3231.o
 *fill*         0x200000de        0x2 
 .bss.ucHeap    0x200000e0     0x2800 ./freertos/heap_4.o
 .bss.xStart    0x200028e0        0x8 ./freertos/heap_4.o
 .bss.pxEnd     0x200028e8        0x4 ./freertos/heap_4.o
 .bss.xFreeBytesRemaining
                0x200028ec        0x4 ./freertos/heap_4.o
 .bss.xMinimumEverFreeBytesRemaining
                0x200028f0        0x4 ./freertos/heap_4.o
 .bss.xBlockAllocatedBit
                0x200028f4        0x4 ./freertos/heap_4.o
 .bss.ucMaxSysCallPriority
                0x200028f8        0x1 ./freertos/port.o
 *fill*         0x200028f9        0x3 
 .bss.ulMaxPRIGROUPValue
                0x200028fc        0x4 ./freertos/port.o
 .bss.xQueueRegistry
                0x20002900       0x40 ./freertos/queue.o
                0x20002900                xQueueRegistry
 .bss.pxCurrentTCB
                0x20002940        0x4 ./freertos/tasks.o
                0x20002940                pxCurrentTCB
 .bss.pxReadyTasksLists
                0x20002944       0x64 ./freertos/tasks.o
 .bss.xDelayedTaskList1
                0x200029a8       0x14 ./freertos/tasks.o
 .bss.xDelayedTaskList2
                0x200029bc       0x14 ./freertos/tasks.o
 .bss.pxDelayedTaskList
                0x200029d0        0x4 ./freertos/tasks.o
 .bss.pxOverflowDelayedTaskList
                0x200029d4        0x4 ./freertos/tasks.o
 .bss.xPendingReadyList
                0x200029d8       0x14 ./freertos/tasks.o
 .bss.xTasksWaitingTermination
                0x200029ec       0x14 ./freertos/tasks.o
 .bss.uxDeletedTasksWaitingCleanUp
                0x20002a00        0x4 ./freertos/tasks.o
 .bss.xSuspendedTaskList
                0x20002a04       0x14 ./freertos/tasks.o
 .bss.uxCurrentNumberOfTasks
                0x20002a18        0x4 ./freertos/tasks.o
 .bss.xTickCount
                0x20002a1c        0x4 ./freertos/tasks.o
 .bss.uxTopReadyPriority
                0x20002a20        0x4 ./freertos/tasks.o
 .bss.xSchedulerRunning
                0x20002a24        0x4 ./freertos/tasks.o
 .bss.uxPendedTicks
                0x20002a28        0x4 ./freertos/tasks.o
 .bss.xYieldPending
                0x20002a2c        0x4 ./freertos/tasks.o
 .bss.xNumOfOverflows
                0x20002a30        0x4 ./freertos/tasks.o
 .bss.uxTaskNumber
                0x20002a34        0x4 ./freertos/tasks.o
 .bss.xNextTaskUnblockTime
                0x20002a38        0x4 ./freertos/tasks.o
 .bss.xIdleTaskHandle
                0x20002a3c        0x4 ./freertos/tasks.o
 .bss.uxSchedulerSuspended
                0x20002a40        0x4 ./freertos/tasks.o
 .bss.xActiveTimerList1
                0x20002a44       0x14 ./freertos/timers.o
 .bss.xActiveTimerList2
                0x20002a58       0x14 ./freertos/timers.o
 .bss.pxCurrentTimerList
                0x20002a6c        0x4 ./freertos/timers.o
 .bss.pxOverflowTimerList
                0x20002a70        0x4 ./freertos/timers.o
 .bss.xTimerQueue
                0x20002a74        0x4 ./freertos/timers.o
 .bss.xTimerTaskHandle
                0x20002a78        0x4 ./freertos/timers.o
 .bss.xLastTime.4617
                0x20002a7c        0x4 ./freertos/timers.o
 .bss.g_xtal0Freq
                0x20002a80        0x4 ./drivers/fsl_clock.o
                0x20002a80                g_xtal0Freq
 .bss.g_xtal32Freq
                0x20002a84        0x4 ./drivers/fsl_clock.o
                0x20002a84                g_xtal32Freq
 .bss.s_ENETHandle
                0x20002a88        0x4 ./drivers/fsl_enet.o
 .bss.s_enetTxIsr
                0x20002a8c        0x4 ./drivers/fsl_enet.o
 .bss.s_enetRxIsr
                0x20002a90        0x4 ./drivers/fsl_enet.o
 .bss.s_enetErrIsr
                0x20002a94        0x4 ./drivers/fsl_enet.o
 .bss.s_enetTsIsr
                0x20002a98        0x4 ./drivers/fsl_enet.o
 .bss.s_i2cHandle
                0x20002a9c        0xc ./drivers/fsl_i2c.o
 .bss.s_i2cMasterIsr
                0x20002aa8        0x4 ./drivers/fsl_i2c.o
 .bss.s_i2cSlaveIsr
                0x20002aac        0x4 ./drivers/fsl_i2c.o
 .bss.s_uartHandle
                0x20002ab0       0x18 ./drivers/fsl_uart.o
 .bss.s_uartIsr
                0x20002ac8        0x4 ./drivers/fsl_uart.o
 .bss.__Ciob    0x20002acc       0xb4 e:/nxp/mcuxpressoide_10.0.0_344/ide/tools/bin/../lib/gcc/arm-none-eabi/5.4.1/../../../../arm-none-eabi/lib/armv7e-m/fpu\libcr_semihost_nf.a(__ciob.o)
                0x20002acc                __Ciob
 .bss.__heaps   0x20002b80        0x4 e:/nxp/mcuxpressoide_10.0.0_344/ide/tools/bin/../lib/gcc/arm-none-eabi/5.4.1/../../../../arm-none-eabi/lib/armv7e-m/fpu\libcr_c.a(__init_alloc.o)
                0x20002b80                __heaps
 .bss.__end_of_heap
                0x20002b84        0x4 e:/nxp/mcuxpressoide_10.0.0_344/ide/tools/bin/../lib/gcc/arm-none-eabi/5.4.1/../../../../arm-none-eabi/lib/armv7e-m/fpu\libcr_c.a(__init_alloc.o)
                0x20002b84                __end_of_heap
 .bss.errno     0x20002b88        0x4 e:/nxp/mcuxpressoide_10.0.0_344/ide/tools/bin/../lib/gcc/arm-none-eabi/5.4.1/../../../../arm-none-eabi/lib/armv7e-m/fpu\libcr_c.a(errno.o)
                0x20002b88                errno
 *(COMMON)
                0x20002b8c                . = ALIGN (0x4)
                0x20002b8c                _ebss = .
                [!provide]                PROVIDE (end, .)

.noinit_RAM2    0x1fff0000        0x0
 *(.noinit.$RAM2*)
 *(.noinit.$SRAM_LOWER*)
                0x1fff0000                . = ALIGN (0x4)

.noinit_RAM3    0x14000000        0x0
 *(.noinit.$RAM3*)
 *(.noinit.$FLEX_RAM*)
                0x14000000                . = ALIGN (0x4)

.noinit         0x20002b8c        0x0
                0x20002b8c                _noinit = .
 *(.noinit*)
                0x20002b8c                . = ALIGN (0x4)
                0x20002b8c                _end_noinit = .

.heap           0x20002b8c     0x1000
                0x20002b8c                _pvHeapStart = .
                0x20003b8c                . = (. + 0x1000)
 *fill*         0x20002b8c     0x1000 
                0x20003b8c                . = ALIGN (0x4)
                0x20003b8c                _pvHeapLimit = .

.heap2stackfill
                0x20003b8c     0x1000
                0x20004b8c                . = (. + 0x1000)
 *fill*         0x20003b8c     0x1000 

.stack          0x2002f000        0x0
                0x2002f000                _vStackBase = .
                0x2002f000                . = ALIGN (0x4)
                0x20030000                _vStackTop = (. + 0x1000)
OUTPUT(MK64FN1M0xxx12_Center.axf elf32-littlearm)

.debug_info     0x00000000    0x10fe1
 .debug_info    0x00000000      0x7d0 ./utilities/fsl_debug_console.o
 .debug_info    0x000007d0      0x8b3 ./startup/startup_mk64f12.o
 .debug_info    0x00001083      0x716 ./source/Misc/Misc.o
 .debug_info    0x00001799     0x1174 ./source/I2C/HAL/I2C_HAL.o
 .debug_info    0x0000290d      0x2f1 ./source/I2C/DS3231/DS3231.o
 .debug_info    0x00002bfe      0x24a ./source/MK64FN1M0xxx12_Center.o
 .debug_info    0x00002e48       0xb7 ./freertos/fsl_tickless_lptmr.o
 .debug_info    0x00002eff      0x3c0 ./freertos/heap_4.o
 .debug_info    0x000032bf      0x296 ./freertos/list.o
 .debug_info    0x00003555      0x4ca ./freertos/port.o
 .debug_info    0x00003a1f     0x13e9 ./freertos/queue.o
 .debug_info    0x00004e08     0x1e63 ./freertos/tasks.o
 .debug_info    0x00006c6b      0xd19 ./freertos/timers.o
 .debug_info    0x00007984      0x2ca ./frdmk64f/board.o
 .debug_info    0x00007c4e      0xa0c ./frdmk64f/clock_config.o
 .debug_info    0x0000865a      0x62b ./frdmk64f/pin_mux.o
 .debug_info    0x00008c85     0x1e2a ./drivers/fsl_clock.o
 .debug_info    0x0000aaaf     0x20e0 ./drivers/fsl_enet.o
 .debug_info    0x0000cb8f      0x55b ./drivers/fsl_gpio.o
 .debug_info    0x0000d0ea     0x1bbc ./drivers/fsl_i2c.o
 .debug_info    0x0000eca6      0x548 ./drivers/fsl_i2c_freertos.o
 .debug_info    0x0000f1ee     0x1809 ./drivers/fsl_uart.o
 .debug_info    0x000109f7      0x5ea ./CMSIS/system_MK64F12.o

.debug_abbrev   0x00000000     0x29f6
 .debug_abbrev  0x00000000      0x1f6 ./utilities/fsl_debug_console.o
 .debug_abbrev  0x000001f6      0x142 ./startup/startup_mk64f12.o
 .debug_abbrev  0x00000338      0x1d2 ./source/Misc/Misc.o
 .debug_abbrev  0x0000050a      0x2ba ./source/I2C/HAL/I2C_HAL.o
 .debug_abbrev  0x000007c4      0x15b ./source/I2C/DS3231/DS3231.o
 .debug_abbrev  0x0000091f      0x10f ./source/MK64FN1M0xxx12_Center.o
 .debug_abbrev  0x00000a2e       0x63 ./freertos/fsl_tickless_lptmr.o
 .debug_abbrev  0x00000a91      0x1bc ./freertos/heap_4.o
 .debug_abbrev  0x00000c4d       0xc1 ./freertos/list.o
 .debug_abbrev  0x00000d0e      0x20c ./freertos/port.o
 .debug_abbrev  0x00000f1a      0x227 ./freertos/queue.o
 .debug_abbrev  0x00001141      0x2bd ./freertos/tasks.o
 .debug_abbrev  0x000013fe      0x1e4 ./freertos/timers.o
 .debug_abbrev  0x000015e2      0x100 ./frdmk64f/board.o
 .debug_abbrev  0x000016e2      0x1ec ./frdmk64f/clock_config.o
 .debug_abbrev  0x000018ce      0x173 ./frdmk64f/pin_mux.o
 .debug_abbrev  0x00001a41      0x30a ./drivers/fsl_clock.o
 .debug_abbrev  0x00001d4b      0x28c ./drivers/fsl_enet.o
 .debug_abbrev  0x00001fd7      0x18a ./drivers/fsl_gpio.o
 .debug_abbrev  0x00002161      0x33b ./drivers/fsl_i2c.o
 .debug_abbrev  0x0000249c      0x155 ./drivers/fsl_i2c_freertos.o
 .debug_abbrev  0x000025f1      0x2eb ./drivers/fsl_uart.o
 .debug_abbrev  0x000028dc      0x11a ./CMSIS/system_MK64F12.o

.debug_aranges  0x00000000     0x1100
 .debug_aranges
                0x00000000       0x48 ./utilities/fsl_debug_console.o
 .debug_aranges
                0x00000048      0x330 ./startup/startup_mk64f12.o
 .debug_aranges
                0x00000378       0x40 ./source/Misc/Misc.o
 .debug_aranges
                0x000003b8       0x70 ./source/I2C/HAL/I2C_HAL.o
 .debug_aranges
                0x00000428       0x48 ./source/I2C/DS3231/DS3231.o
 .debug_aranges
                0x00000470       0x30 ./source/MK64FN1M0xxx12_Center.o
 .debug_aranges
                0x000004a0       0x20 ./freertos/fsl_tickless_lptmr.o
 .debug_aranges
                0x000004c0       0x50 ./freertos/heap_4.o
 .debug_aranges
                0x00000510       0x40 ./freertos/list.o
 .debug_aranges
                0x00000550       0x78 ./freertos/port.o
 .debug_aranges
                0x000005c8      0x118 ./freertos/queue.o
 .debug_aranges
                0x000006e0      0x1e8 ./freertos/tasks.o
 .debug_aranges
                0x000008c8       0xc8 ./freertos/timers.o
 .debug_aranges
                0x00000990       0x20 ./frdmk64f/board.o
 .debug_aranges
                0x000009b0       0x58 ./frdmk64f/clock_config.o
 .debug_aranges
                0x00000a08       0x38 ./frdmk64f/pin_mux.o
 .debug_aranges
                0x00000a40      0x1e8 ./drivers/fsl_clock.o
 .debug_aranges
                0x00000c28      0x148 ./drivers/fsl_enet.o
 .debug_aranges
                0x00000d70       0x40 ./drivers/fsl_gpio.o
 .debug_aranges
                0x00000db0      0x180 ./drivers/fsl_i2c.o
 .debug_aranges
                0x00000f30       0x38 ./drivers/fsl_i2c_freertos.o
 .debug_aranges
                0x00000f68      0x170 ./drivers/fsl_uart.o
 .debug_aranges
                0x000010d8       0x28 ./CMSIS/system_MK64F12.o

.debug_ranges   0x00000000      0xf90
 .debug_ranges  0x00000000       0x38 ./utilities/fsl_debug_console.o
 .debug_ranges  0x00000038      0x320 ./startup/startup_mk64f12.o
 .debug_ranges  0x00000358       0x30 ./source/Misc/Misc.o
 .debug_ranges  0x00000388       0x60 ./source/I2C/HAL/I2C_HAL.o
 .debug_ranges  0x000003e8       0x38 ./source/I2C/DS3231/DS3231.o
 .debug_ranges  0x00000420       0x20 ./source/MK64FN1M0xxx12_Center.o
 .debug_ranges  0x00000440       0x10 ./freertos/fsl_tickless_lptmr.o
 .debug_ranges  0x00000450       0x40 ./freertos/heap_4.o
 .debug_ranges  0x00000490       0x30 ./freertos/list.o
 .debug_ranges  0x000004c0       0x68 ./freertos/port.o
 .debug_ranges  0x00000528      0x108 ./freertos/queue.o
 .debug_ranges  0x00000630      0x1d8 ./freertos/tasks.o
 .debug_ranges  0x00000808       0xb8 ./freertos/timers.o
 .debug_ranges  0x000008c0       0x10 ./frdmk64f/board.o
 .debug_ranges  0x000008d0       0x48 ./frdmk64f/clock_config.o
 .debug_ranges  0x00000918       0x28 ./frdmk64f/pin_mux.o
 .debug_ranges  0x00000940      0x1d8 ./drivers/fsl_clock.o
 .debug_ranges  0x00000b18      0x138 ./drivers/fsl_enet.o
 .debug_ranges  0x00000c50       0x30 ./drivers/fsl_gpio.o
 .debug_ranges  0x00000c80      0x170 ./drivers/fsl_i2c.o
 .debug_ranges  0x00000df0       0x28 ./drivers/fsl_i2c_freertos.o
 .debug_ranges  0x00000e18      0x160 ./drivers/fsl_uart.o
 .debug_ranges  0x00000f78       0x18 ./CMSIS/system_MK64F12.o

.debug_macro    0x00000000    0x13f42
 .debug_macro   0x00000000      0x13c ./utilities/fsl_debug_console.o
 .debug_macro   0x0000013c      0x8c8 ./utilities/fsl_debug_console.o
 .debug_macro   0x00000a04       0x10 ./utilities/fsl_debug_console.o
 .debug_macro   0x00000a14       0x16 ./utilities/fsl_debug_console.o
 .debug_macro   0x00000a2a       0x10 ./utilities/fsl_debug_console.o
 .debug_macro   0x00000a3a      0x12d ./utilities/fsl_debug_console.o
 .debug_macro   0x00000b67       0x28 ./utilities/fsl_debug_console.o
 .debug_macro   0x00000b8f       0xc4 ./utilities/fsl_debug_console.o
 .debug_macro   0x00000c53       0x16 ./utilities/fsl_debug_console.o
 .debug_macro   0x00000c69       0x22 ./utilities/fsl_debug_console.o
 .debug_macro   0x00000c8b      0x5b2 ./utilities/fsl_debug_console.o
 .debug_macro   0x0000123d       0x10 ./utilities/fsl_debug_console.o
 .debug_macro   0x0000124d       0x5b ./utilities/fsl_debug_console.o
 .debug_macro   0x000012a8       0x3b ./utilities/fsl_debug_console.o
 .debug_macro   0x000012e3       0x50 ./utilities/fsl_debug_console.o
 .debug_macro   0x00001333      0xd40 ./utilities/fsl_debug_console.o
 .debug_macro   0x00002073       0x44 ./utilities/fsl_debug_console.o
 .debug_macro   0x000020b7     0xe07b ./utilities/fsl_debug_console.o
 .debug_macro   0x00010132     0x13c7 ./utilities/fsl_debug_console.o
 .debug_macro   0x000114f9       0x3a ./utilities/fsl_debug_console.o
 .debug_macro   0x00011533      0x171 ./utilities/fsl_debug_console.o
 .debug_macro   0x000116a4       0x35 ./utilities/fsl_debug_console.o
 .debug_macro   0x000116d9       0xd2 ./utilities/fsl_debug_console.o
 .debug_macro   0x000117ab       0x34 ./utilities/fsl_debug_console.o
 .debug_macro   0x000117df       0x10 ./utilities/fsl_debug_console.o
 .debug_macro   0x000117ef       0x29 ./startup/startup_mk64f12.o
 .debug_macro   0x00011818      0x149 ./source/Misc/Misc.o
 .debug_macro   0x00011961       0x10 ./source/Misc/Misc.o
 .debug_macro   0x00011971       0x10 ./source/Misc/Misc.o
 .debug_macro   0x00011981      0x1aa ./source/I2C/HAL/I2C_HAL.o
 .debug_macro   0x00011b2b       0x34 ./source/I2C/HAL/I2C_HAL.o
 .debug_macro   0x00011b5f       0x1c ./source/I2C/HAL/I2C_HAL.o
 .debug_macro   0x00011b7b      0x1ae ./source/I2C/HAL/I2C_HAL.o
 .debug_macro   0x00011d29       0x10 ./source/I2C/HAL/I2C_HAL.o
 .debug_macro   0x00011d39      0x168 ./source/I2C/HAL/I2C_HAL.o
 .debug_macro   0x00011ea1       0xeb ./source/I2C/HAL/I2C_HAL.o
 .debug_macro   0x00011f8c       0x10 ./source/I2C/HAL/I2C_HAL.o
 .debug_macro   0x00011f9c       0x1f ./source/I2C/HAL/I2C_HAL.o
 .debug_macro   0x00011fbb      0x353 ./source/I2C/HAL/I2C_HAL.o
 .debug_macro   0x0001230e       0x94 ./source/I2C/HAL/I2C_HAL.o
 .debug_macro   0x000123a2       0x78 ./source/I2C/HAL/I2C_HAL.o
 .debug_macro   0x0001241a       0x16 ./source/I2C/HAL/I2C_HAL.o
 .debug_macro   0x00012430      0x1a2 ./source/I2C/DS3231/DS3231.o
 .debug_macro   0x000125d2      0x1b5 ./source/MK64FN1M0xxx12_Center.o
 .debug_macro   0x00012787       0xd8 ./source/MK64FN1M0xxx12_Center.o
 .debug_macro   0x0001285f       0x16 ./source/MK64FN1M0xxx12_Center.o
 .debug_macro   0x00012875      0x14a ./source/MK64FN1M0xxx12_Center.o
 .debug_macro   0x000129bf       0xc0 ./source/MK64FN1M0xxx12_Center.o
 .debug_macro   0x00012a7f       0x8c ./source/MK64FN1M0xxx12_Center.o
 .debug_macro   0x00012b0b       0xbd ./freertos/fsl_tickless_lptmr.o
 .debug_macro   0x00012bc8       0x5e ./freertos/fsl_tickless_lptmr.o
 .debug_macro   0x00012c26       0xe0 ./freertos/heap_4.o
 .debug_macro   0x00012d06       0xb9 ./freertos/list.o
 .debug_macro   0x00012dbf      0x135 ./freertos/port.o
 .debug_macro   0x00012ef4      0x122 ./freertos/queue.o
 .debug_macro   0x00013016      0x17b ./freertos/tasks.o
 .debug_macro   0x00013191       0x11 ./freertos/tasks.o
 .debug_macro   0x000131a2       0xec ./freertos/timers.o
 .debug_macro   0x0001328e      0x130 ./frdmk64f/board.o
 .debug_macro   0x000133be      0x12e ./frdmk64f/clock_config.o
 .debug_macro   0x000134ec      0x10c ./frdmk64f/pin_mux.o
 .debug_macro   0x000135f8      0x1ad ./drivers/fsl_clock.o
 .debug_macro   0x000137a5      0x1ce ./drivers/fsl_enet.o
 .debug_macro   0x00013973       0xb6 ./drivers/fsl_enet.o
 .debug_macro   0x00013a29       0xf7 ./drivers/fsl_gpio.o
 .debug_macro   0x00013b20       0xf6 ./drivers/fsl_i2c.o
 .debug_macro   0x00013c16       0x10 ./drivers/fsl_i2c.o
 .debug_macro   0x00013c26      0x180 ./drivers/fsl_i2c_freertos.o
 .debug_macro   0x00013da6       0xfd ./drivers/fsl_uart.o
 .debug_macro   0x00013ea3       0x9f ./CMSIS/system_MK64F12.o

.debug_line     0x00000000     0x785a
 .debug_line    0x00000000      0x347 ./utilities/fsl_debug_console.o
 .debug_line    0x00000347      0x67d ./startup/startup_mk64f12.o
 .debug_line    0x000009c4      0x317 ./source/Misc/Misc.o
 .debug_line    0x00000cdb      0x519 ./source/I2C/HAL/I2C_HAL.o
 .debug_line    0x000011f4      0x3f0 ./source/I2C/DS3231/DS3231.o
 .debug_line    0x000015e4      0x431 ./source/MK64FN1M0xxx12_Center.o
 .debug_line    0x00001a15      0x1c4 ./freertos/fsl_tickless_lptmr.o
 .debug_line    0x00001bd9      0x2e1 ./freertos/heap_4.o
 .debug_line    0x00001eba      0x20e ./freertos/list.o
 .debug_line    0x000020c8      0x387 ./freertos/port.o
 .debug_line    0x0000244f      0x990 ./freertos/queue.o
 .debug_line    0x00002ddf      0xe3c ./freertos/tasks.o
 .debug_line    0x00003c1b      0x559 ./freertos/timers.o
 .debug_line    0x00004174      0x2d3 ./frdmk64f/board.o
 .debug_line    0x00004447      0x312 ./frdmk64f/clock_config.o
 .debug_line    0x00004759      0x2ad ./frdmk64f/pin_mux.o
 .debug_line    0x00004a06      0xa1d ./drivers/fsl_clock.o
 .debug_line    0x00005423      0x8ad ./drivers/fsl_enet.o
 .debug_line    0x00005cd0      0x2a1 ./drivers/fsl_gpio.o
 .debug_line    0x00005f71      0xa1e ./drivers/fsl_i2c.o
 .debug_line    0x0000698f      0x372 ./drivers/fsl_i2c_freertos.o
 .debug_line    0x00006d01      0x94d ./drivers/fsl_uart.o
 .debug_line    0x0000764e      0x20c ./CMSIS/system_MK64F12.o

.debug_str      0x00000000    0x87ce1
 .debug_str     0x00000000    0x789f9 ./utilities/fsl_debug_console.o
                              0x78ae2 (size before relaxing)
 .debug_str     0x000789f9      0x7d0 ./startup/startup_mk64f12.o
                               0x2e44 (size before relaxing)
 .debug_str     0x000791c9      0x8bf ./source/Misc/Misc.o
                              0x78268 (size before relaxing)
 .debug_str     0x00079a88     0x41c2 ./source/I2C/HAL/I2C_HAL.o
                              0x7c6ed (size before relaxing)
 .debug_str     0x0007dc4a      0x2cf ./source/I2C/DS3231/DS3231.o
                              0x77cd0 (size before relaxing)
 .debug_str     0x0007df19     0x1826 ./source/MK64FN1M0xxx12_Center.o
                              0x7be5d (size before relaxing)
 .debug_str     0x0007f73f      0x32c ./freertos/fsl_tickless_lptmr.o
                               0x7641 (size before relaxing)
 .debug_str     0x0007fa6b      0x29d ./freertos/heap_4.o
                               0x7636 (size before relaxing)
 .debug_str     0x0007fd08      0x12a ./freertos/list.o
                               0x6f2b (size before relaxing)
 .debug_str     0x0007fe32      0x551 ./freertos/port.o
                               0x7bd3 (size before relaxing)
 .debug_str     0x00080383      0x780 ./freertos/queue.o
                               0x84ea (size before relaxing)
 .debug_str     0x00080b03     0x1b1b ./freertos/tasks.o
                               0x91bf (size before relaxing)
 .debug_str     0x0008261e      0x4c6 ./freertos/timers.o
                               0x89f1 (size before relaxing)
 .debug_str     0x00082ae4       0x3a ./frdmk64f/board.o
                              0x78882 (size before relaxing)
 .debug_str     0x00082b1e      0x7d3 ./frdmk64f/clock_config.o
                              0x78649 (size before relaxing)
 .debug_str     0x000832f1       0x73 ./frdmk64f/pin_mux.o
                              0x77e82 (size before relaxing)
 .debug_str     0x00083364     0x1658 ./drivers/fsl_clock.o
                              0x79bd5 (size before relaxing)
 .debug_str     0x000849bc     0x1c16 ./drivers/fsl_enet.o
                              0x7a43a (size before relaxing)
 .debug_str     0x000865d2       0x8d ./drivers/fsl_gpio.o
                              0x77f75 (size before relaxing)
 .debug_str     0x0008665f      0xa23 ./drivers/fsl_i2c.o
                              0x79361 (size before relaxing)
 .debug_str     0x00087082       0x6b ./drivers/fsl_i2c_freertos.o
                              0x7b592 (size before relaxing)
 .debug_str     0x000870ed      0xb47 ./drivers/fsl_uart.o
                              0x7941d (size before relaxing)
 .debug_str     0x00087c34       0xad ./CMSIS/system_MK64F12.o
                              0x76eba (size before relaxing)

.comment        0x00000000       0x6e
 .comment       0x00000000       0x6e ./utilities/fsl_debug_console.o
                                 0x6f (size before relaxing)
 .comment       0x0000006e       0x6f ./startup/startup_mk64f12.o
 .comment       0x0000006e       0x6f ./source/Misc/Misc.o
 .comment       0x0000006e       0x6f ./source/I2C/HAL/I2C_HAL.o
 .comment       0x0000006e       0x6f ./source/I2C/DS3231/DS3231.o
 .comment       0x0000006e       0x6f ./source/MK64FN1M0xxx12_Center.o
 .comment       0x0000006e       0x6f ./freertos/fsl_tickless_lptmr.o
 .comment       0x0000006e       0x6f ./freertos/heap_4.o
 .comment       0x0000006e       0x6f ./freertos/list.o
 .comment       0x0000006e       0x6f ./freertos/port.o
 .comment       0x0000006e       0x6f ./freertos/queue.o
 .comment       0x0000006e       0x6f ./freertos/tasks.o
 .comment       0x0000006e       0x6f ./freertos/timers.o
 .comment       0x0000006e       0x6f ./frdmk64f/board.o
 .comment       0x0000006e       0x6f ./frdmk64f/clock_config.o
 .comment       0x0000006e       0x6f ./frdmk64f/pin_mux.o
 .comment       0x0000006e       0x6f ./drivers/fsl_clock.o
 .comment       0x0000006e       0x6f ./drivers/fsl_enet.o
 .comment       0x0000006e       0x6f ./drivers/fsl_gpio.o
 .comment       0x0000006e       0x6f ./drivers/fsl_i2c.o
 .comment       0x0000006e       0x6f ./drivers/fsl_i2c_freertos.o
 .comment       0x0000006e       0x6f ./drivers/fsl_uart.o
 .comment       0x0000006e       0x6f ./CMSIS/system_MK64F12.o
 .comment       0x0000006e       0x6f e:/nxp/mcuxpressoide_10.0.0_344/ide/tools/bin/../lib/gcc/arm-none-eabi/5.4.1/../../../../arm-none-eabi/lib/armv7e-m/fpu\libcr_semihost_nf.a(_cr__main.o)
 .comment       0x0000006e       0x6f e:/nxp/mcuxpressoide_10.0.0_344/ide/tools/bin/../lib/gcc/arm-none-eabi/5.4.1/../../../../arm-none-eabi/lib/armv7e-m/fpu\libcr_semihost_nf.a(_cr_assert.o)
 .comment       0x0000006e       0x6f e:/nxp/mcuxpressoide_10.0.0_344/ide/tools/bin/../lib/gcc/arm-none-eabi/5.4.1/../../../../arm-none-eabi/lib/armv7e-m/fpu\libcr_semihost_nf.a(__ciob.o)
 .comment       0x0000006e       0x6f e:/nxp/mcuxpressoide_10.0.0_344/ide/tools/bin/../lib/gcc/arm-none-eabi/5.4.1/../../../../arm-none-eabi/lib/armv7e-m/fpu\libcr_c.a(memcpy.o)
 .comment       0x0000006e       0x6f e:/nxp/mcuxpressoide_10.0.0_344/ide/tools/bin/../lib/gcc/arm-none-eabi/5.4.1/../../../../arm-none-eabi/lib/armv7e-m/fpu\libcr_c.a(memset.o)
 .comment       0x0000006e       0x6f e:/nxp/mcuxpressoide_10.0.0_344/ide/tools/bin/../lib/gcc/arm-none-eabi/5.4.1/../../../../arm-none-eabi/lib/armv7e-m/fpu\libcr_c.a(_deferredlazyseek.o)
 .comment       0x0000006e       0x6f e:/nxp/mcuxpressoide_10.0.0_344/ide/tools/bin/../lib/gcc/arm-none-eabi/5.4.1/../../../../arm-none-eabi/lib/armv7e-m/fpu\libcr_c.a(_fflush.o)
 .comment       0x0000006e       0x6f e:/nxp/mcuxpressoide_10.0.0_344/ide/tools/bin/../lib/gcc/arm-none-eabi/5.4.1/../../../../arm-none-eabi/lib/armv7e-m/fpu\libcr_c.a(_writebuf.o)
 .comment       0x0000006e       0x6f e:/nxp/mcuxpressoide_10.0.0_344/ide/tools/bin/../lib/gcc/arm-none-eabi/5.4.1/../../../../arm-none-eabi/lib/armv7e-m/fpu\libcr_c.a(alloc.o)
 .comment       0x0000006e       0x6f e:/nxp/mcuxpressoide_10.0.0_344/ide/tools/bin/../lib/gcc/arm-none-eabi/5.4.1/../../../../arm-none-eabi/lib/armv7e-m/fpu\libcr_c.a(fputs.o)
 .comment       0x0000006e       0x6f e:/nxp/mcuxpressoide_10.0.0_344/ide/tools/bin/../lib/gcc/arm-none-eabi/5.4.1/../../../../arm-none-eabi/lib/armv7e-m/fpu\libcr_c.a(fseek.o)
 .comment       0x0000006e       0x6f e:/nxp/mcuxpressoide_10.0.0_344/ide/tools/bin/../lib/gcc/arm-none-eabi/5.4.1/../../../../arm-none-eabi/lib/armv7e-m/fpu\libcr_c.a(ftell.o)
 .comment       0x0000006e       0x6f e:/nxp/mcuxpressoide_10.0.0_344/ide/tools/bin/../lib/gcc/arm-none-eabi/5.4.1/../../../../arm-none-eabi/lib/armv7e-m/fpu\libcr_c.a(initio.o)
 .comment       0x0000006e       0x6f e:/nxp/mcuxpressoide_10.0.0_344/ide/tools/bin/../lib/gcc/arm-none-eabi/5.4.1/../../../../arm-none-eabi/lib/armv7e-m/fpu\libcr_c.a(printf.o)
 .comment       0x0000006e       0x6f e:/nxp/mcuxpressoide_10.0.0_344/ide/tools/bin/../lib/gcc/arm-none-eabi/5.4.1/../../../../arm-none-eabi/lib/armv7e-m/fpu\libcr_c.a(setvbuf.o)
 .comment       0x0000006e       0x6f e:/nxp/mcuxpressoide_10.0.0_344/ide/tools/bin/../lib/gcc/arm-none-eabi/5.4.1/../../../../arm-none-eabi/lib/armv7e-m/fpu\libcr_c.a(strlen.o)
 .comment       0x0000006e       0x6f e:/nxp/mcuxpressoide_10.0.0_344/ide/tools/bin/../lib/gcc/arm-none-eabi/5.4.1/../../../../arm-none-eabi/lib/armv7e-m/fpu\libcr_c.a(__init_alloc.o)
 .comment       0x0000006e       0x6f e:/nxp/mcuxpressoide_10.0.0_344/ide/tools/bin/../lib/gcc/arm-none-eabi/5.4.1/../../../../arm-none-eabi/lib/armv7e-m/fpu\libcr_c.a(_cr_sbrk.o)
 .comment       0x0000006e       0x6f e:/nxp/mcuxpressoide_10.0.0_344/ide/tools/bin/../lib/gcc/arm-none-eabi/5.4.1/../../../../arm-none-eabi/lib/armv7e-m/fpu\libcr_c.a(_fdopen.o)
 .comment       0x0000006e       0x6f e:/nxp/mcuxpressoide_10.0.0_344/ide/tools/bin/../lib/gcc/arm-none-eabi/5.4.1/../../../../arm-none-eabi/lib/armv7e-m/fpu\libcr_c.a(errno.o)
 .comment       0x0000006e       0x6f e:/nxp/mcuxpressoide_10.0.0_344/ide/tools/bin/../lib/gcc/arm-none-eabi/5.4.1/../../../../arm-none-eabi/lib/armv7e-m/fpu\libcr_c.a(fclose.o)
 .comment       0x0000006e       0x6f e:/nxp/mcuxpressoide_10.0.0_344/ide/tools/bin/../lib/gcc/arm-none-eabi/5.4.1/../../../../arm-none-eabi/lib/armv7e-m/fpu\libcr_c.a(fflush.o)
 .comment       0x0000006e       0x6f e:/nxp/mcuxpressoide_10.0.0_344/ide/tools/bin/../lib/gcc/arm-none-eabi/5.4.1/../../../../arm-none-eabi/lib/armv7e-m/fpu\libcr_c.a(remove.o)
 .comment       0x0000006e       0x6f e:/nxp/mcuxpressoide_10.0.0_344/ide/tools/bin/../lib/gcc/arm-none-eabi/5.4.1/../../../../arm-none-eabi/lib/armv7e-m/fpu\libcr_c.a(_cr_check_heap.o)
 .comment       0x0000006e       0x6f e:/nxp/mcuxpressoide_10.0.0_344/ide/tools/bin/../lib/gcc/arm-none-eabi/5.4.1/../../../../arm-none-eabi/lib/armv7e-m/fpu\libcr_c.a(_do_fflush.o)
 .comment       0x0000006e       0x6f e:/nxp/mcuxpressoide_10.0.0_344/ide/tools/bin/../lib/gcc/arm-none-eabi/5.4.1/armv7e-m/fpu\libcr_eabihelpers.a(double.o)

.ARM.attributes
                0x00000000       0x37
 .ARM.attributes
                0x00000000       0x39 ./utilities/fsl_debug_console.o
 .ARM.attributes
                0x00000039       0x39 ./startup/startup_mk64f12.o
 .ARM.attributes
                0x00000072       0x39 ./source/Misc/Misc.o
 .ARM.attributes
                0x000000ab       0x39 ./source/I2C/HAL/I2C_HAL.o
 .ARM.attributes
                0x000000e4       0x39 ./source/I2C/DS3231/DS3231.o
 .ARM.attributes
                0x0000011d       0x39 ./source/MK64FN1M0xxx12_Center.o
 .ARM.attributes
                0x00000156       0x39 ./freertos/fsl_tickless_lptmr.o
 .ARM.attributes
                0x0000018f       0x39 ./freertos/heap_4.o
 .ARM.attributes
                0x000001c8       0x39 ./freertos/list.o
 .ARM.attributes
                0x00000201       0x39 ./freertos/port.o
 .ARM.attributes
                0x0000023a       0x39 ./freertos/queue.o
 .ARM.attributes
                0x00000273       0x39 ./freertos/tasks.o
 .ARM.attributes
                0x000002ac       0x39 ./freertos/timers.o
 .ARM.attributes
                0x000002e5       0x39 ./frdmk64f/board.o
 .ARM.attributes
                0x0000031e       0x39 ./frdmk64f/clock_config.o
 .ARM.attributes
                0x00000357       0x39 ./frdmk64f/pin_mux.o
 .ARM.attributes
                0x00000390       0x39 ./drivers/fsl_clock.o
 .ARM.attributes
                0x000003c9       0x39 ./drivers/fsl_enet.o
 .ARM.attributes
                0x00000402       0x39 ./drivers/fsl_gpio.o
 .ARM.attributes
                0x0000043b       0x39 ./drivers/fsl_i2c.o
 .ARM.attributes
                0x00000474       0x39 ./drivers/fsl_i2c_freertos.o
 .ARM.attributes
                0x000004ad       0x39 ./drivers/fsl_uart.o
 .ARM.attributes
                0x000004e6       0x39 ./CMSIS/system_MK64F12.o
 .ARM.attributes
                0x0000051f       0x39 e:/nxp/mcuxpressoide_10.0.0_344/ide/tools/bin/../lib/gcc/arm-none-eabi/5.4.1/../../../../arm-none-eabi/lib/armv7e-m/fpu\libcr_semihost_nf.a(_cr__main.o)
 .ARM.attributes